Component: ARM Compiler 5.05 update 1 (build 106) Tool: armlink [4d0efa]

==============================================================================

Section Cross References

    main.o(i.main) refers to driver.o(i.DriverInit) for DriverInit
    main.o(i.main) refers to bsp.o(i.BspInit) for BspInit
    main.o(i.main) refers to middle.o(i.MiddleInit) for MiddleInit
    main.o(i.main) refers to bsp.o(i.S50Test) for S50Test
    main.o(.data) refers to main.o(.conststring) for .conststring
    lib.o(i.BKP_DeInit) refers to lib.o(i.RCC_BackupResetCmd) for RCC_BackupResetCmd
    lib.o(i.GPIO_AFIODeInit) refers to lib.o(i.RCC_APB2PeriphResetCmd) for RCC_APB2PeriphResetCmd
    lib.o(i.GPIO_DeInit) refers to lib.o(i.RCC_APB2PeriphResetCmd) for RCC_APB2PeriphResetCmd
    lib.o(i.I2S_Init) refers to lib.o(i.RCC_GetClocksFreq) for RCC_GetClocksFreq
    lib.o(i.PWR_DeInit) refers to lib.o(i.RCC_APB1PeriphResetCmd) for RCC_APB1PeriphResetCmd
    lib.o(i.RCC_GetClocksFreq) refers to lib.o(.data) for APBAHBPrescTable
    lib.o(i.RCC_WaitForHSEStartUp) refers to lib.o(i.RCC_GetFlagStatus) for RCC_GetFlagStatus
    lib.o(i.RTC_SetAlarm) refers to lib.o(i.RTC_EnterConfigMode) for RTC_EnterConfigMode
    lib.o(i.RTC_SetAlarm) refers to lib.o(i.RTC_ExitConfigMode) for RTC_ExitConfigMode
    lib.o(i.RTC_SetCounter) refers to lib.o(i.RTC_EnterConfigMode) for RTC_EnterConfigMode
    lib.o(i.RTC_SetCounter) refers to lib.o(i.RTC_ExitConfigMode) for RTC_ExitConfigMode
    lib.o(i.RTC_SetPrescaler) refers to lib.o(i.RTC_EnterConfigMode) for RTC_EnterConfigMode
    lib.o(i.RTC_SetPrescaler) refers to lib.o(i.RTC_ExitConfigMode) for RTC_ExitConfigMode
    lib.o(i.SPI_I2S_DeInit) refers to lib.o(i.RCC_APB2PeriphResetCmd) for RCC_APB2PeriphResetCmd
    lib.o(i.SPI_I2S_DeInit) refers to lib.o(i.RCC_APB1PeriphResetCmd) for RCC_APB1PeriphResetCmd
    lib.o(i.SetSysClock) refers to lib.o(i.SetSysClockTo72) for SetSysClockTo72
    lib.o(i.SystemCoreClockUpdate) refers to lib.o(.data) for SystemCoreClock
    lib.o(i.SystemInit) refers to lib.o(i.SetSysClock) for SetSysClock
    lib.o(i.USART_DeInit) refers to lib.o(i.RCC_APB2PeriphResetCmd) for RCC_APB2PeriphResetCmd
    lib.o(i.USART_DeInit) refers to lib.o(i.RCC_APB1PeriphResetCmd) for RCC_APB1PeriphResetCmd
    lib.o(i.USART_Init) refers to lib.o(i.RCC_GetClocksFreq) for RCC_GetClocksFreq
    startup_stm32f10x_hd.o(RESET) refers to startup_stm32f10x_hd.o(STACK) for __initial_sp
    startup_stm32f10x_hd.o(RESET) refers to startup_stm32f10x_hd.o(.text) for Reset_Handler
    startup_stm32f10x_hd.o(RESET) refers to lib.o(i.NMI_Handler) for NMI_Handler
    startup_stm32f10x_hd.o(RESET) refers to lib.o(i.HardFault_Handler) for HardFault_Handler
    startup_stm32f10x_hd.o(RESET) refers to lib.o(i.MemManage_Handler) for MemManage_Handler
    startup_stm32f10x_hd.o(RESET) refers to lib.o(i.BusFault_Handler) for BusFault_Handler
    startup_stm32f10x_hd.o(RESET) refers to lib.o(i.UsageFault_Handler) for UsageFault_Handler
    startup_stm32f10x_hd.o(RESET) refers to lib.o(i.SVC_Handler) for SVC_Handler
    startup_stm32f10x_hd.o(RESET) refers to lib.o(i.DebugMon_Handler) for DebugMon_Handler
    startup_stm32f10x_hd.o(RESET) refers to lib.o(i.PendSV_Handler) for PendSV_Handler
    startup_stm32f10x_hd.o(RESET) refers to lib.o(i.SysTick_Handler) for SysTick_Handler
    startup_stm32f10x_hd.o(RESET) refers to driver.o(i.WWDG_IRQHandler) for WWDG_IRQHandler
    startup_stm32f10x_hd.o(RESET) refers to driver.o(i.PVD_IRQHandler) for PVD_IRQHandler
    startup_stm32f10x_hd.o(RESET) refers to driver.o(i.TAMPER_IRQHandler) for TAMPER_IRQHandler
    startup_stm32f10x_hd.o(RESET) refers to driver.o(i.RTC_IRQHandler) for RTC_IRQHandler
    startup_stm32f10x_hd.o(RESET) refers to driver.o(i.FLASH_IRQHandler) for FLASH_IRQHandler
    startup_stm32f10x_hd.o(RESET) refers to driver.o(i.RCC_IRQHandler) for RCC_IRQHandler
    startup_stm32f10x_hd.o(RESET) refers to driver.o(i.EXTI0_IRQHandler) for EXTI0_IRQHandler
    startup_stm32f10x_hd.o(RESET) refers to driver.o(i.EXTI1_IRQHandler) for EXTI1_IRQHandler
    startup_stm32f10x_hd.o(RESET) refers to driver.o(i.EXTI2_IRQHandler) for EXTI2_IRQHandler
    startup_stm32f10x_hd.o(RESET) refers to driver.o(i.EXTI3_IRQHandler) for EXTI3_IRQHandler
    startup_stm32f10x_hd.o(RESET) refers to driver.o(i.EXTI4_IRQHandler) for EXTI4_IRQHandler
    startup_stm32f10x_hd.o(RESET) refers to driver.o(i.DMA1_Channel1_IRQHandler) for DMA1_Channel1_IRQHandler
    startup_stm32f10x_hd.o(RESET) refers to driver.o(i.DMA1_Channel2_IRQHandler) for DMA1_Channel2_IRQHandler
    startup_stm32f10x_hd.o(RESET) refers to driver.o(i.DMA1_Channel3_IRQHandler) for DMA1_Channel3_IRQHandler
    startup_stm32f10x_hd.o(RESET) refers to driver.o(i.DMA1_Channel4_IRQHandler) for DMA1_Channel4_IRQHandler
    startup_stm32f10x_hd.o(RESET) refers to driver.o(i.DMA1_Channel5_IRQHandler) for DMA1_Channel5_IRQHandler
[...]
    entry2.o(__vectab_stack_and_reset_area) refers to entry.o(.ARM.Collect$$$$00000000) for __main
    entry5.o(.ARM.Collect$$$$00000004) refers to init.o(.text) for __scatterload
    entry9a.o(.ARM.Collect$$$$0000000B) refers to main.o(i.main) for main
    entry9b.o(.ARM.Collect$$$$0000000C) refers to main.o(i.main) for main
    uldiv.o(.text) refers to llushr.o(.text) for __aeabi_llsr
    uldiv.o(.text) refers to llshl.o(.text) for __aeabi_llsl
    depilogue.o(.text) refers to llshl.o(.text) for __aeabi_llsl
    depilogue.o(.text) refers to llushr.o(.text) for __aeabi_llsr
    dadd.o(.text) refers to llshl.o(.text) for __aeabi_llsl
    dadd.o(.text) refers to llsshr.o(.text) for __aeabi_lasr
    dadd.o(.text) refers to depilogue.o(.text) for _double_epilogue
    ddiv.o(.text) refers to depilogue.o(.text) for _double_round
    dfixul.o(.text) refers to llushr.o(.text) for __aeabi_llsr
    dfixul.o(.text) refers to llshl.o(.text) for __aeabi_llsl
    init.o(.text) refers to entry5.o(.ARM.Collect$$$$00000004) for __main_after_scatterload


==============================================================================

Removing Unused input sections from the image.

    Removing main.o(.conststring), (612 bytes).
    Removing main.o(.data), (4 bytes).
    Removing lib.o(i.BKP_ClearFlag), (20 bytes).
    Removing lib.o(i.BKP_ClearITPendingBit), (20 bytes).
    Removing lib.o(i.BKP_DeInit), (16 bytes).
    Removing lib.o(i.BKP_GetFlagStatus), (12 bytes).
    Removing lib.o(i.BKP_GetITStatus), (12 bytes).
    Removing lib.o(i.BKP_ITConfig), (12 bytes).
    Removing lib.o(i.BKP_RTCOutputConfig), (28 bytes).
    Removing lib.o(i.BKP_ReadBackupRegister), (28 bytes).
    Removing lib.o(i.BKP_SetRTCCalibrationValue), (28 bytes).
    Removing lib.o(i.BKP_TamperPinCmd), (12 bytes).
    Removing lib.o(i.BKP_TamperPinLevelConfig), (12 bytes).
    Removing lib.o(i.BKP_WriteBackupRegister), (28 bytes).
    Removing lib.o(i.EXTI_ClearFlag), (12 bytes).
    Removing lib.o(i.EXTI_ClearITPendingBit), (12 bytes).
    Removing lib.o(i.EXTI_DeInit), (36 bytes).
    Removing lib.o(i.EXTI_GenerateSWInterrupt), (16 bytes).
    Removing lib.o(i.EXTI_GetFlagStatus), (24 bytes).
    Removing lib.o(i.EXTI_GetITStatus), (40 bytes).
    Removing lib.o(i.EXTI_Init), (148 bytes).
    Removing lib.o(i.EXTI_StructInit), (16 bytes).
    Removing lib.o(i.GPIO_AFIODeInit), (20 bytes).
    Removing lib.o(i.GPIO_DeInit), (200 bytes).
    Removing lib.o(i.GPIO_ETH_MediaInterfaceConfig), (12 bytes).
    Removing lib.o(i.GPIO_EXTILineConfig), (64 bytes).
    Removing lib.o(i.GPIO_EventOutputCmd), (12 bytes).
    Removing lib.o(i.GPIO_EventOutputConfig), (32 bytes).
    Removing lib.o(i.GPIO_PinLockConfig), (18 bytes).
    Removing lib.o(i.GPIO_PinRemapConfig), (144 bytes).
    Removing lib.o(i.GPIO_ReadInputData), (8 bytes).
    Removing lib.o(i.GPIO_ReadInputDataBit), (18 bytes).
    Removing lib.o(i.GPIO_ReadOutputData), (8 bytes).
    Removing lib.o(i.GPIO_ReadOutputDataBit), (18 bytes).
    Removing lib.o(i.GPIO_ResetBits), (4 bytes).
    Removing lib.o(i.GPIO_SetBits), (4 bytes).
    Removing lib.o(i.GPIO_StructInit), (16 bytes).
    Removing lib.o(i.GPIO_Write), (4 bytes).
    Removing lib.o(i.GPIO_WriteBit), (10 bytes).
    Removing lib.o(i.I2S_Cmd), (24 bytes).
    Removing lib.o(i.I2S_Init), (232 bytes).
    Removing lib.o(i.I2S_StructInit), (20 bytes).
    Removing lib.o(i.NVIC_Init), (112 bytes).
    Removing lib.o(i.NVIC_PriorityGroupConfig), (20 bytes).
    Removing lib.o(i.NVIC_SetVectorTable), (20 bytes).
    Removing lib.o(i.NVIC_SystemLPConfig), (32 bytes).
    Removing lib.o(i.PWR_ClearFlag), (20 bytes).
    Removing lib.o(i.PWR_DeInit), (22 bytes).
    Removing lib.o(i.PWR_EnterSTANDBYMode), (52 bytes).
    Removing lib.o(i.PWR_EnterSTOPMode), (64 bytes).
    Removing lib.o(i.PWR_GetFlagStatus), (24 bytes).
    Removing lib.o(i.PWR_PVDCmd), (12 bytes).
    Removing lib.o(i.PWR_PVDLevelConfig), (24 bytes).
    Removing lib.o(i.PWR_WakeUpPinCmd), (12 bytes).
    Removing lib.o(i.RCC_ADCCLKConfig), (24 bytes).
    Removing lib.o(i.RCC_AHBPeriphClockCmd), (32 bytes).
    Removing lib.o(i.RCC_APB1PeriphResetCmd), (32 bytes).
    Removing lib.o(i.RCC_APB2PeriphResetCmd), (32 bytes).
    Removing lib.o(i.RCC_AdjustHSICalibrationValue), (24 bytes).
    Removing lib.o(i.RCC_BackupResetCmd), (12 bytes).
    Removing lib.o(i.RCC_ClearFlag), (20 bytes).
    Removing lib.o(i.RCC_ClearITPendingBit), (12 bytes).
    Removing lib.o(i.RCC_ClockSecuritySystemCmd), (12 bytes).
    Removing lib.o(i.RCC_DeInit), (76 bytes).
    Removing lib.o(i.RCC_GetFlagStatus), (60 bytes).
    Removing lib.o(i.RCC_GetITStatus), (24 bytes).
    Removing lib.o(i.RCC_GetSYSCLKSource), (16 bytes).
    Removing lib.o(i.RCC_HCLKConfig), (24 bytes).
    Removing lib.o(i.RCC_HSEConfig), (76 bytes).
    Removing lib.o(i.RCC_HSICmd), (12 bytes).
    Removing lib.o(i.RCC_ITConfig), (32 bytes).
    Removing lib.o(i.RCC_LSEConfig), (52 bytes).
    Removing lib.o(i.RCC_LSICmd), (12 bytes).
    Removing lib.o(i.RCC_MCOConfig), (12 bytes).
    Removing lib.o(i.RCC_PCLK1Config), (24 bytes).
    Removing lib.o(i.RCC_PCLK2Config), (24 bytes).
    Removing lib.o(i.RCC_PLLCmd), (12 bytes).
    Removing lib.o(i.RCC_PLLConfig), (28 bytes).
    Removing lib.o(i.RCC_SYSCLKConfig), (24 bytes).
    Removing lib.o(i.RCC_USBCLKConfig), (12 bytes).
    Removing lib.o(i.RCC_WaitForHSEStartUp), (56 bytes).
    Removing lib.o(i.RTC_ClearFlag), (16 bytes).
    Removing lib.o(i.RTC_ClearITPendingBit), (16 bytes).
    Removing lib.o(i.RTC_GetDivider), (24 bytes).
    Removing lib.o(i.RTC_GetFlagStatus), (24 bytes).
    Removing lib.o(i.RTC_GetITStatus), (36 bytes).
    Removing lib.o(i.RTC_ITConfig), (32 bytes).
    Removing lib.o(i.RTC_SetAlarm), (28 bytes).
    Removing lib.o(i.RTC_SetCounter), (28 bytes).
    Removing lib.o(i.RTC_WaitForSynchro), (36 bytes).
    Removing lib.o(i.SDIO_CEATAITCmd), (16 bytes).
    Removing lib.o(i.SDIO_ClearFlag), (12 bytes).
    Removing lib.o(i.SDIO_ClearITPendingBit), (12 bytes).
    Removing lib.o(i.SDIO_ClockCmd), (12 bytes).
    Removing lib.o(i.SDIO_CmdStructInit), (14 bytes).
    Removing lib.o(i.SDIO_CommandCompletionCmd), (12 bytes).
    Removing lib.o(i.SDIO_DMACmd), (12 bytes).
    Removing lib.o(i.SDIO_DataConfig), (48 bytes).
    Removing lib.o(i.SDIO_DataStructInit), (20 bytes).
    Removing lib.o(i.SDIO_DeInit), (36 bytes).
    Removing lib.o(i.SDIO_GetCommandResponse), (12 bytes).
    Removing lib.o(i.SDIO_GetDataCounter), (12 bytes).
    Removing lib.o(i.SDIO_GetFIFOCount), (12 bytes).
    Removing lib.o(i.SDIO_GetFlagStatus), (24 bytes).
    Removing lib.o(i.SDIO_GetITStatus), (24 bytes).
    Removing lib.o(i.SDIO_GetPowerState), (16 bytes).
    Removing lib.o(i.SDIO_GetResponse), (24 bytes).
    Removing lib.o(i.SDIO_ITConfig), (32 bytes).
    Removing lib.o(i.SDIO_Init), (48 bytes).
    Removing lib.o(i.SDIO_ReadData), (12 bytes).
    Removing lib.o(i.SDIO_SendCEATACmd), (12 bytes).
    Removing lib.o(i.SDIO_SendCommand), (44 bytes).
    Removing lib.o(i.SDIO_SendSDIOSuspendCmd), (12 bytes).
    Removing lib.o(i.SDIO_SetPowerState), (28 bytes).
    Removing lib.o(i.SDIO_SetSDIOOperation), (12 bytes).
    Removing lib.o(i.SDIO_SetSDIOReadWaitMode), (12 bytes).
    Removing lib.o(i.SDIO_StartSDIOReadWait), (12 bytes).
    Removing lib.o(i.SDIO_StopSDIOReadWait), (12 bytes).
    Removing lib.o(i.SDIO_StructInit), (16 bytes).
    Removing lib.o(i.SDIO_WriteData), (12 bytes).
    Removing lib.o(i.SPI_BiDirectionalLineConfig), (28 bytes).
    Removing lib.o(i.SPI_CalculateCRC), (24 bytes).
    Removing lib.o(i.SPI_DataSizeConfig), (18 bytes).
    Removing lib.o(i.SPI_GetCRC), (16 bytes).
    Removing lib.o(i.SPI_GetCRCPolynomial), (6 bytes).
    Removing lib.o(i.SPI_I2S_ClearFlag), (6 bytes).
    Removing lib.o(i.SPI_I2S_ClearITPendingBit), (20 bytes).
    Removing lib.o(i.SPI_I2S_DMACmd), (18 bytes).
    Removing lib.o(i.SPI_I2S_DeInit), (88 bytes).
    Removing lib.o(i.SPI_I2S_GetITStatus), (52 bytes).
    Removing lib.o(i.SPI_I2S_ITConfig), (32 bytes).
    Removing lib.o(i.SPI_I2S_ReceiveData), (6 bytes).
    Removing lib.o(i.SPI_I2S_SendData), (4 bytes).
    Removing lib.o(i.SPI_NSSInternalSoftwareConfig), (30 bytes).
    Removing lib.o(i.SPI_StructInit), (24 bytes).
    Removing lib.o(i.SPI_TransmitCRC), (10 bytes).
    Removing lib.o(i.SysTick_CLKSourceConfig), (40 bytes).
    Removing lib.o(i.SystemCoreClockUpdate), (164 bytes).
    Removing lib.o(i.USART_ClearFlag), (18 bytes).
    Removing lib.o(i.USART_ClearITPendingBit), (30 bytes).
    Removing lib.o(i.USART_ClockInit), (34 bytes).
    Removing lib.o(i.USART_ClockStructInit), (12 bytes).
    Removing lib.o(i.USART_DMACmd), (18 bytes).
    Removing lib.o(i.USART_DeInit), (156 bytes).
    Removing lib.o(i.USART_GetITStatus), (84 bytes).
    Removing lib.o(i.USART_HalfDuplexCmd), (24 bytes).
    Removing lib.o(i.USART_ITConfig), (74 bytes).
    Removing lib.o(i.USART_IrDACmd), (24 bytes).
    Removing lib.o(i.USART_IrDAConfig), (18 bytes).
    Removing lib.o(i.USART_LINBreakDetectLengthConfig), (18 bytes).
    Removing lib.o(i.USART_LINCmd), (24 bytes).
    Removing lib.o(i.USART_OneBitMethodCmd), (24 bytes).
    Removing lib.o(i.USART_OverSampling8Cmd), (22 bytes).
    Removing lib.o(i.USART_ReceiveData), (10 bytes).
    Removing lib.o(i.USART_ReceiverWakeUpCmd), (24 bytes).
    Removing lib.o(i.USART_SendBreak), (10 bytes).
    Removing lib.o(i.USART_SetAddress), (18 bytes).
    Removing lib.o(i.USART_SetGuardTime), (16 bytes).
    Removing lib.o(i.USART_SetPrescaler), (16 bytes).
    Removing lib.o(i.USART_SmartCardCmd), (24 bytes).
    Removing lib.o(i.USART_SmartCardNACKCmd), (24 bytes).
    Removing lib.o(i.USART_StructInit), (24 bytes).
    Removing lib.o(i.USART_WakeUpConfig), (18 bytes).
    Removing core_cm3.o(.emb_text), (32 bytes).
    Removing startup_stm32f10x_hd.o(HEAP), (512 bytes).
    Removing driver.o(i.DmaSdioCfg), (80 bytes).
    Removing driver.o(i.DmaSdioWaitCmpt), (80 bytes).
    Removing driver.o(i.I2cWrite), (120 bytes).
    Removing driver.o(i.IrqRegester), (12 bytes).
    Removing driver.o(i.PrintInBCD), (36 bytes).
    Removing driver.o(i.PrintInBinary), (26 bytes).
    Removing driver.o(i.PrintInBinaryByte), (48 bytes).
    Removing driver.o(i.SpiDataWriteByte), (304 bytes).
    Removing driver.o(i.TimerInit), (2 bytes).
    Removing driver.o(i.UartPrintBuffer), (64 bytes).
    Removing driver.o(i.W25Q64SpiRead), (372 bytes).
    Removing middle.o(i.E2PROM_Default), (100 bytes).
    Removing bsp.o(i.E2PROM_ReadByte), (40 bytes).
    Removing bsp.o(i.E2PROM_Write), (76 bytes).
    Removing bsp.o(i.E2PROM_WriteByte), (46 bytes).
    Removing bsp.o(i.E2PROM_WritePage), (58 bytes).
    Removing bsp.o(i.Rc522ClrIntrBuffer), (42 bytes).
    Removing bsp.o(i.Rc522GetRanData), (44 bytes).
    Removing bsp.o(i.Rc522GetRxBitsCnt), (20 bytes).
    Removing bsp.o(i.Rc522TimerCfg), (100 bytes).
    Removing bsp.o(i.S50MFBlockWrite), (42 bytes).
    Removing bsp.o(i.S50MFPackWriteData), (26 bytes).
    Removing bsp.o(i.S50MFSendBlockData), (50 bytes).
    Removing bsp.o(i.S50MFWaitAck), (40 bytes).
    Removing bsp.o(i.S50SendHLTA), (2 bytes).
    Removing bsp.o(i.S50SendWUPA), (52 bytes).
    Removing dmul.o(.text), (228 bytes).
    Removing dfltui.o(.text), (26 bytes).
    Removing dfixui.o(.text), (50 bytes).
    Removing depilogue.o(.text), (186 bytes).
    Removing dadd.o(.text), (334 bytes).
    Removing ddiv.o(.text), (222 bytes).
    Removing dfixul.o(.text), (48 bytes).
    Removing cdrcmple.o(.text), (48 bytes).

199 unused section(s) (total 8946 bytes) removed from the image.

==============================================================================

Image Symbol Table

    Local Symbols

    Symbol Name                              Value     Ov Type        Size  Object(Section)

    ../clib/microlib/division.c              0x00000000   Number         0  uidiv.o ABSOLUTE
    ../clib/microlib/division.c              0x00000000   Number         0  uldiv.o ABSOLUTE
    ../clib/microlib/init/entry.s            0x00000000   Number         0  entry2.o ABSOLUTE
    ../clib/microlib/init/entry.s            0x00000000   Number         0  entry7a.o ABSOLUTE
    ../clib/microlib/init/entry.s            0x00000000   Number         0  entry5.o ABSOLUTE
    ../clib/microlib/init/entry.s            0x00000000   Number         0  entry7b.o ABSOLUTE
    ../clib/microlib/init/entry.s            0x00000000   Number         0  entry8a.o ABSOLUTE
    ../clib/microlib/init/entry.s            0x00000000   Number         0  entry8b.o ABSOLUTE
    ../clib/microlib/init/entry.s            0x00000000   Number         0  entry.o ABSOLUTE
    ../clib/microlib/init/entry.s            0x00000000   Number         0  entry9b.o ABSOLUTE
    ../clib/microlib/init/entry.s            0x00000000   Number         0  entry10a.o ABSOLUTE
    ../clib/microlib/init/entry.s            0x00000000   Number         0  entry10b.o ABSOLUTE
    ../clib/microlib/init/entry.s            0x00000000   Number         0  entry11a.o ABSOLUTE
    ../clib/microlib/init/entry.s            0x00000000   Number         0  entry11b.o ABSOLUTE
    ../clib/microlib/init/entry.s            0x00000000   Number         0  entry9a.o ABSOLUTE
    ../clib/microlib/longlong.c              0x00000000   Number         0  llsshr.o ABSOLUTE
    ../clib/microlib/longlong.c              0x00000000   Number         0  llshl.o ABSOLUTE
    ../clib/microlib/longlong.c              0x00000000   Number         0  llushr.o ABSOLUTE
    ../clib/microlib/printf/printf.c         0x00000000   Number         0  printfa.o ABSOLUTE
    ../clib/microlib/printf/printf.c         0x00000000   Number         0  printf4.o ABSOLUTE
    ../clib/microlib/printf/printf.c         0x00000000   Number         0  printfb.o ABSOLUTE
    ../clib/microlib/printf/printf.c         0x00000000   Number         0  printf0.o ABSOLUTE
    ../clib/microlib/printf/printf.c         0x00000000   Number         0  printf1.o ABSOLUTE
    ../clib/microlib/printf/printf.c         0x00000000   Number         0  printf2.o ABSOLUTE
    ../clib/microlib/printf/printf.c         0x00000000   Number         0  printf3.o ABSOLUTE
    ../clib/microlib/printf/printf.c         0x00000000   Number         0  printf8.o ABSOLUTE
    ../clib/microlib/printf/printf.c         0x00000000   Number         0  printf7.o ABSOLUTE
    ../clib/microlib/printf/printf.c         0x00000000   Number         0  printf6.o ABSOLUTE
    ../clib/microlib/printf/printf.c         0x00000000   Number         0  printf5.o ABSOLUTE
    ../clib/microlib/printf/stubs.s          0x00000000   Number         0  stubs.o ABSOLUTE
    ../clib/microlib/stdio/streams.c         0x00000000   Number         0  stdout.o ABSOLUTE
    ../clib/microlib/string/memcpy.c         0x00000000   Number         0  memcpyb.o ABSOLUTE
    ../clib/microlib/string/memcpy.c         0x00000000   Number         0  memcpya.o ABSOLUTE
    ../clib/microlib/string/memset.c         0x00000000   Number         0  memseta.o ABSOLUTE
    ../clib/microlib/stubs.s                 0x00000000   Number         0  iusefp.o ABSOLUTE
    ../fplib/microlib/fpadd.c                0x00000000   Number         0  dadd.o ABSOLUTE
    ../fplib/microlib/fpdiv.c                0x00000000   Number         0  ddiv.o ABSOLUTE
    ../fplib/microlib/fpepilogue.c           0x00000000   Number         0  depilogue.o ABSOLUTE
    ../fplib/microlib/fpfix.c                0x00000000   Number         0  dfixui.o ABSOLUTE
    ../fplib/microlib/fpfix.c                0x00000000   Number         0  dfixul.o ABSOLUTE
    ../fplib/microlib/fpflt.c                0x00000000   Number         0  dfltui.o ABSOLUTE
    ../fplib/microlib/fpmul.c                0x00000000   Number         0  dmul.o ABSOLUTE
    ..\\src\\arm\\core_cm3.c                 0x00000000   Number         0  core_cm3.o ABSOLUTE
    ..\src\arm\core_cm3.c                    0x00000000   Number         0  core_cm3.o ABSOLUTE
    ..\src\arm\startup_stm32f10x_hd.s        0x00000000   Number         0  startup_stm32f10x_hd.o ABSOLUTE
    ..\src\bsp\bsp.c                         0x00000000   Number         0  bsp.o ABSOLUTE
    ..\src\driver\driver.c                   0x00000000   Number         0  driver.o ABSOLUTE
    ..\src\lib\lib.c                         0x00000000   Number         0  lib.o ABSOLUTE
    ..\src\main\main.c                       0x00000000   Number         0  main.o ABSOLUTE
    ..\src\middle\middle.c                   0x00000000   Number         0  middle.o ABSOLUTE
    cdrcmple.s                               0x00000000   Number         0  cdrcmple.o ABSOLUTE
    dc.s                                     0x00000000   Number         0  dc.o ABSOLUTE
    handlers.s                               0x00000000   Number         0  handlers.o ABSOLUTE
    init.s                                   0x00000000   Number         0  init.o ABSOLUTE
    RESET                                    0x08000000   Section      304  startup_stm32f10x_hd.o(RESET)
    .ARM.Collect$$$$00000000                 0x08000130   Section        0  entry.o(.ARM.Collect$$$$00000000)
    .ARM.Collect$$$$00000001                 0x08000130   Section        4  entry2.o(.ARM.Collect$$$$00000001)
    .ARM.Collect$$$$00000004                 0x08000134   Section        4  entry5.o(.ARM.Collect$$$$00000004)
    .ARM.Collect$$$$00000008                 0x08000138   Section        0  entry7b.o(.ARM.Collect$$$$00000008)
    .ARM.Collect$$$$0000000A                 0x08000138   Section        0  entry8b.o(.ARM.Collect$$$$0000000A)
    .ARM.Collect$$$$0000000B                 0x08000138   Section        8  entry9a.o(.ARM.Collect$$$$0000000B)
    .ARM.Collect$$$$0000000D                 0x08000140   Section        0  entry10a.o(.ARM.Collect$$$$0000000D)
    .ARM.Collect$$$$0000000F                 0x08000140   Section        0  entry11a.o(.ARM.Collect$$$$0000000F)
    .ARM.Collect$$$$00002712                 0x08000140   Section        4  entry2.o(.ARM.Collect$$$$00002712)
    __lit__00000000                          0x08000140   Data           4  entry2.o(.ARM.Collect$$$$00002712)
    .text                                    0x08000144   Section       36  startup_stm32f10x_hd.o(.text)
    .text                                    0x08000168   Section        0  memcpya.o(.text)
    .text                                    0x0800018c   Section        0  memseta.o(.text)
    .text                                    0x080001b0   Section        0  uldiv.o(.text)
    .text                                    0x08000212   Section        0  llushr.o(.text)
    .text                                    0x08000234   Section       36  init.o(.text)
    .text                                    0x08000258   Section        0  llshl.o(.text)
    i.ADC1_2_IRQHandler                      0x08000278   Section        0  driver.o(i.ADC1_2_IRQHandler)
    i.ADC3_IRQHandler                        0x080002c4   Section        0  driver.o(i.ADC3_IRQHandler)
    i.Beep                                   0x08000310   Section        0  bsp.o(i.Beep)
    i.BeepD                                  0x08000336   Section        0  bsp.o(i.BeepD)
    BeepD                                    0x08000337   Thumb Code    30  bsp.o(i.BeepD)
    i.BeepInit                               0x08000354   Section        0  bsp.o(i.BeepInit)
    i.BeepS                                  0x08000388   Section        0  bsp.o(i.BeepS)
    BeepS                                    0x08000389   Thumb Code    44  bsp.o(i.BeepS)
    i.BspInit                                0x080003b8   Section        0  bsp.o(i.BspInit)
    i.BusFault_Handler                       0x080003c8   Section        0  lib.o(i.BusFault_Handler)
    i.CAN1_RX1_IRQHandler                    0x080003cc   Section        0  driver.o(i.CAN1_RX1_IRQHandler)
    i.CAN1_SCE_IRQHandler                    0x08000418   Section        0  driver.o(i.CAN1_SCE_IRQHandler)
    i.DMA1_Channel1_IRQHandler               0x08000464   Section        0  driver.o(i.DMA1_Channel1_IRQHandler)
    i.DMA1_Channel2_IRQHandler               0x080004b8   Section        0  driver.o(i.DMA1_Channel2_IRQHandler)
    i.DMA1_Channel3_IRQHandler               0x0800050c   Section        0  driver.o(i.DMA1_Channel3_IRQHandler)
    i.DMA1_Channel4_IRQHandler               0x08000560   Section        0  driver.o(i.DMA1_Channel4_IRQHandler)
    i.DMA1_Channel5_IRQHandler               0x080005b4   Section        0  driver.o(i.DMA1_Channel5_IRQHandler)
    i.DMA1_Channel6_IRQHandler               0x08000608   Section        0  driver.o(i.DMA1_Channel6_IRQHandler)
    i.DMA1_Channel7_IRQHandler               0x0800065c   Section        0  driver.o(i.DMA1_Channel7_IRQHandler)
    i.DMA2_Channel1_IRQHandler               0x080006b0   Section        0  driver.o(i.DMA2_Channel1_IRQHandler)
    i.DMA2_Channel2_IRQHandler               0x08000708   Section        0  driver.o(i.DMA2_Channel2_IRQHandler)
    i.DMA2_Channel3_IRQHandler               0x08000760   Section        0  driver.o(i.DMA2_Channel3_IRQHandler)
    i.DMA2_Channel4_5_IRQHandler             0x080007b8   Section        0  driver.o(i.DMA2_Channel4_5_IRQHandler)
    i.DebugMon_Handler                       0x08000810   Section        0  lib.o(i.DebugMon_Handler)
    i.DelayInit                              0x08000814   Section        0  driver.o(i.DelayInit)
    i.DelayMs                                0x08000868   Section        0  driver.o(i.DelayMs)
    i.DelayUs                                0x0800088c   Section        0  driver.o(i.DelayUs)
    i.DriverInit                             0x080008be   Section        0  driver.o(i.DriverInit)
    i.E2PROM_Init                            0x080008d2   Section        0  bsp.o(i.E2PROM_Init)
    i.E2PROM_Read                            0x080008dc   Section        0  bsp.o(i.E2PROM_Read)
    i.EXTI0_IRQHandler                       0x08000904   Section        0  driver.o(i.EXTI0_IRQHandler)
    i.EXTI15_10_IRQHandler                   0x08000950   Section        0  driver.o(i.EXTI15_10_IRQHandler)
    i.EXTI1_IRQHandler                       0x080009a4   Section        0  driver.o(i.EXTI1_IRQHandler)
    i.EXTI2_IRQHandler                       0x080009f0   Section        0  driver.o(i.EXTI2_IRQHandler)
    i.EXTI3_IRQHandler                       0x08000a3c   Section        0  driver.o(i.EXTI3_IRQHandler)
    i.EXTI4_IRQHandler                       0x08000a88   Section        0  driver.o(i.EXTI4_IRQHandler)
    i.EXTI9_5_IRQHandler                     0x08000ad4   Section        0  driver.o(i.EXTI9_5_IRQHandler)
    i.FLASH_IRQHandler                       0x08000b20   Section        0  driver.o(i.FLASH_IRQHandler)
    i.FSMC_IRQHandler                        0x08000b6c   Section        0  driver.o(i.FSMC_IRQHandler)
    i.GPIO_Init                              0x08000bb8   Section        0  lib.o(i.GPIO_Init)
    i.GpioInit                               0x08000cce   Section        0  driver.o(i.GpioInit)
    i.HardFault_Handler                      0x08000d64   Section        0  lib.o(i.HardFault_Handler)
    i.I2C1_ER_IRQHandler                     0x08000d68   Section        0  driver.o(i.I2C1_ER_IRQHandler)
    i.I2C1_EV_IRQHandler                     0x08000db8   Section        0  driver.o(i.I2C1_EV_IRQHandler)
    i.I2C2_ER_IRQHandler                     0x08000e04   Section        0  driver.o(i.I2C2_ER_IRQHandler)
    i.I2C2_EV_IRQHandler                     0x08000e54   Section        0  driver.o(i.I2C2_EV_IRQHandler)
    i.I2cCfgSdaDir                           0x08000ea4   Section        0  driver.o(i.I2cCfgSdaDir)
    i.I2cInit                                0x08000ef8   Section        0  driver.o(i.I2cInit)
    i.I2cRead                                0x08000ff4   Section        0  driver.o(i.I2cRead)
    i.I2cReadByte                            0x08001038   Section        0  driver.o(i.I2cReadByte)
    i.I2cSendAck                             0x08001138   Section        0  driver.o(i.I2cSendAck)
    i.I2cStart                               0x080012a0   Section        0  driver.o(i.I2cStart)
    i.I2cStop                                0x080013d8   Section        0  driver.o(i.I2cStop)
    i.I2cWaitAck                             0x080014ac   Section        0  driver.o(i.I2cWaitAck)
    i.I2cWriteByte                           0x08001620   Section        0  driver.o(i.I2cWriteByte)
    i.InterruptCfg                           0x080017e8   Section        0  driver.o(i.InterruptCfg)
    i.InterruptInit                          0x08001898   Section        0  driver.o(i.InterruptInit)
    i.MemFree                                0x080018f8   Section        0  driver.o(i.MemFree)
    i.MemGetFirstZero                        0x0800193c   Section        0  driver.o(i.MemGetFirstZero)
    MemGetFirstZero                          0x0800193d   Thumb Code    68  driver.o(i.MemGetFirstZero)
    i.MemGetFirstZeroWord                    0x08001980   Section        0  driver.o(i.MemGetFirstZeroWord)
    MemGetFirstZeroWord                      0x08001981   Thumb Code    32  driver.o(i.MemGetFirstZeroWord)
    i.MemInit                                0x080019a0   Section        0  driver.o(i.MemInit)
    i.MemMalloc                              0x080019b4   Section        0  driver.o(i.MemMalloc)
    i.MemManage_Handler                      0x08001ac4   Section        0  lib.o(i.MemManage_Handler)
    i.MiddleInit                             0x08001ac8   Section        0  middle.o(i.MiddleInit)
    i.NMI_Handler                            0x08001aca   Section        0  lib.o(i.NMI_Handler)
    i.PVD_IRQHandler                         0x08001acc   Section        0  driver.o(i.PVD_IRQHandler)
    i.PWR_BackupAccessCmd                    0x08001b14   Section        0  lib.o(i.PWR_BackupAccessCmd)
    i.PendSV_Handler                         0x08001b20   Section        0  lib.o(i.PendSV_Handler)
    i.RC522SpiRead                           0x08001b24   Section        0  driver.o(i.RC522SpiRead)
    i.RCC_APB1PeriphClockCmd                 0x08001cbc   Section        0  lib.o(i.RCC_APB1PeriphClockCmd)
    i.RCC_APB2PeriphClockCmd                 0x08001cdc   Section        0  lib.o(i.RCC_APB2PeriphClockCmd)
    i.RCC_GetClocksFreq                      0x08001cfc   Section        0  lib.o(i.RCC_GetClocksFreq)
    i.RCC_IRQHandler                         0x08001dd0   Section        0  driver.o(i.RCC_IRQHandler)
    i.RCC_RTCCLKCmd                          0x08001e18   Section        0  lib.o(i.RCC_RTCCLKCmd)
    i.RCC_RTCCLKConfig                       0x08001e24   Section        0  lib.o(i.RCC_RTCCLKConfig)
    i.RFIDInit                               0x08001e34   Section        0  bsp.o(i.RFIDInit)
    i.RTCAlarm_IRQHandler                    0x08001e40   Section        0  driver.o(i.RTCAlarm_IRQHandler)
    i.RTC_EnterConfigMode                    0x08001e90   Section        0  lib.o(i.RTC_EnterConfigMode)
    i.RTC_ExitConfigMode                     0x08001ea4   Section        0  lib.o(i.RTC_ExitConfigMode)
    i.RTC_GetCounter                         0x08001eb8   Section        0  lib.o(i.RTC_GetCounter)
    i.RTC_IRQHandler                         0x08001ecc   Section        0  driver.o(i.RTC_IRQHandler)
    i.RTC_SetPrescaler                       0x08001f14   Section        0  lib.o(i.RTC_SetPrescaler)
    i.RTC_WaitForLastTask                    0x08001f34   Section        0  lib.o(i.RTC_WaitForLastTask)
    i.Rc522CalcCrc                           0x08001f48   Section        0  bsp.o(i.Rc522CalcCrc)
    i.Rc522ChckCmdAutoEnd                    0x08001f94   Section        0  bsp.o(i.Rc522ChckCmdAutoEnd)
    Rc522ChckCmdAutoEnd                      0x08001f95   Thumb Code    42  bsp.o(i.Rc522ChckCmdAutoEnd)
    i.Rc522ChckErr                           0x08001fc4   Section        0  bsp.o(i.Rc522ChckErr)
    Rc522ChckErr                             0x08001fc5   Thumb Code    28  bsp.o(i.Rc522ChckErr)
    i.Rc522ComInit                           0x08001fe0   Section        0  bsp.o(i.Rc522ComInit)
    Rc522ComInit                             0x08001fe1   Thumb Code    48  bsp.o(i.Rc522ComInit)
    i.Rc522GetCollBitPos                     0x08002010   Section        0  bsp.o(i.Rc522GetCollBitPos)
    Rc522GetCollBitPos                       0x08002011   Thumb Code    42  bsp.o(i.Rc522GetCollBitPos)
    i.Rc522GetFifoLevel                      0x0800203a   Section        0  bsp.o(i.Rc522GetFifoLevel)
    i.Rc522GetValidCnt                       0x0800204c   Section        0  bsp.o(i.Rc522GetValidCnt)
    i.Rc522GpioInit                          0x08002088   Section        0  bsp.o(i.Rc522GpioInit)
    Rc522GpioInit                            0x08002089   Thumb Code    42  bsp.o(i.Rc522GpioInit)
    i.Rc522Init                              0x080020bc   Section        0  bsp.o(i.Rc522Init)
    i.Rc522IsColl                            0x080020cc   Section        0  bsp.o(i.Rc522IsColl)
    i.Rc522MFAuthent                         0x080020de   Section        0  bsp.o(i.Rc522MFAuthent)
    i.Rc522PowerOn                           0x08002136   Section        0  bsp.o(i.Rc522PowerOn)
    Rc522PowerOn                             0x08002137   Thumb Code    32  bsp.o(i.Rc522PowerOn)
    i.Rc522PwrSw                             0x08002156   Section        0  bsp.o(i.Rc522PwrSw)
    Rc522PwrSw                               0x08002157   Thumb Code    48  bsp.o(i.Rc522PwrSw)
    i.Rc522ReadFIFO                          0x08002188   Section        0  bsp.o(i.Rc522ReadFIFO)
    i.Rc522ReadReg                           0x080021ec   Section        0  bsp.o(i.Rc522ReadReg)
    Rc522ReadReg                             0x080021ed   Thumb Code    42  bsp.o(i.Rc522ReadReg)
    i.Rc522RegInit                           0x08002216   Section        0  bsp.o(i.Rc522RegInit)
    Rc522RegInit                             0x08002217   Thumb Code    32  bsp.o(i.Rc522RegInit)
    i.Rc522RfInit                            0x08002236   Section        0  bsp.o(i.Rc522RfInit)
    Rc522RfInit                              0x08002237   Thumb Code    12  bsp.o(i.Rc522RfInit)
    i.Rc522RfSw                              0x08002242   Section        0  bsp.o(i.Rc522RfSw)
    i.Rc522Rst                               0x08002288   Section        0  bsp.o(i.Rc522Rst)
    Rc522Rst                                 0x08002289   Thumb Code    34  bsp.o(i.Rc522Rst)
    i.Rc522RxCfg                             0x080022b0   Section        0  bsp.o(i.Rc522RxCfg)
    i.Rc522RxInit                            0x080022da   Section        0  bsp.o(i.Rc522RxInit)
    Rc522RxInit                              0x080022db   Thumb Code    12  bsp.o(i.Rc522RxInit)
    i.Rc522SendCmd                           0x080022e8   Section        0  bsp.o(i.Rc522SendCmd)
    Rc522SendCmd                             0x080022e9   Thumb Code   120  bsp.o(i.Rc522SendCmd)
    i.Rc522SpiInit                           0x0800237c   Section        0  bsp.o(i.Rc522SpiInit)
    Rc522SpiInit                             0x0800237d   Thumb Code    82  bsp.o(i.Rc522SpiInit)
    i.Rc522StartTransCv                      0x080023d4   Section        0  bsp.o(i.Rc522StartTransCv)
    i.Rc522StopTransCv                       0x08002418   Section        0  bsp.o(i.Rc522StopTransCv)
    i.Rc522TimerInit                         0x0800242a   Section        0  bsp.o(i.Rc522TimerInit)
    Rc522TimerInit                           0x0800242b   Thumb Code    20  bsp.o(i.Rc522TimerInit)
    i.Rc522TxCfg                             0x0800243e   Section        0  bsp.o(i.Rc522TxCfg)
    i.Rc522TxInit                            0x08002456   Section        0  bsp.o(i.Rc522TxInit)
    Rc522TxInit                              0x08002457   Thumb Code    20  bsp.o(i.Rc522TxInit)
    i.Rc522WaitFlg                           0x0800246c   Section        0  bsp.o(i.Rc522WaitFlg)
    Rc522WaitFlg                             0x0800246d   Thumb Code   226  bsp.o(i.Rc522WaitFlg)
    i.Rc522WaitRxEnd                         0x08002590   Section        0  bsp.o(i.Rc522WaitRxEnd)
    i.Rc522WriteFIFO                         0x080025a8   Section        0  bsp.o(i.Rc522WriteFIFO)
    i.Rc522WriteReg                          0x0800263c   Section        0  bsp.o(i.Rc522WriteReg)
    Rc522WriteReg                            0x0800263d   Thumb Code    46  bsp.o(i.Rc522WriteReg)
    i.S50AntiCollLeveln                      0x0800266c   Section        0  bsp.o(i.S50AntiCollLeveln)
    S50AntiCollLeveln                        0x0800266d   Thumb Code   194  bsp.o(i.S50AntiCollLeveln)
    i.S50AntiCollLoop                        0x08002768   Section        0  bsp.o(i.S50AntiCollLoop)
    S50AntiCollLoop                          0x08002769   Thumb Code    92  bsp.o(i.S50AntiCollLoop)
    i.S50AntiCollStaChck                     0x080027cc   Section        0  bsp.o(i.S50AntiCollStaChck)
    S50AntiCollStaChck                       0x080027cd   Thumb Code    60  bsp.o(i.S50AntiCollStaChck)
    i.S50CardDetect                          0x08002808   Section        0  bsp.o(i.S50CardDetect)
    i.S50ChckBcc                             0x08002826   Section        0  bsp.o(i.S50ChckBcc)
    S50ChckBcc                               0x08002827   Thumb Code    38  bsp.o(i.S50ChckBcc)
    i.S50ChckSak                             0x0800284c   Section        0  bsp.o(i.S50ChckSak)
    S50ChckSak                               0x0800284d   Thumb Code    42  bsp.o(i.S50ChckSak)
    i.S50DataInit                            0x0800288c   Section        0  bsp.o(i.S50DataInit)
    i.S50GetDoubleUid                        0x080028ac   Section        0  bsp.o(i.S50GetDoubleUid)
    S50GetDoubleUid                          0x080028ad   Thumb Code    26  bsp.o(i.S50GetDoubleUid)
    i.S50GetSingleUid                        0x080028cc   Section        0  bsp.o(i.S50GetSingleUid)
    S50GetSingleUid                          0x080028cd   Thumb Code    14  bsp.o(i.S50GetSingleUid)
    i.S50GetTripleUid                        0x080028e0   Section        0  bsp.o(i.S50GetTripleUid)
    S50GetTripleUid                          0x080028e1   Thumb Code    36  bsp.o(i.S50GetTripleUid)
    i.S50GetUid                              0x08002908   Section        0  bsp.o(i.S50GetUid)
    S50GetUid                                0x08002909   Thumb Code    42  bsp.o(i.S50GetUid)
    i.S50MFAuthent                           0x08002934   Section        0  bsp.o(i.S50MFAuthent)
    i.S50MFBlockRead                         0x08002968   Section        0  bsp.o(i.S50MFBlockRead)
    i.S50MFGetUid                            0x080029c4   Section        0  bsp.o(i.S50MFGetUid)
    i.S50MFRecvBlockData                     0x08002a0c   Section        0  bsp.o(i.S50MFRecvBlockData)
    S50MFRecvBlockData                       0x08002a0d   Thumb Code    50  bsp.o(i.S50MFRecvBlockData)
    i.S50MFUnPackReadData                    0x08002a40   Section        0  bsp.o(i.S50MFUnPackReadData)
    S50MFUnPackReadData                      0x08002a41   Thumb Code    42  bsp.o(i.S50MFUnPackReadData)
    i.S50PackAcData                          0x08002a8c   Section        0  bsp.o(i.S50PackAcData)
    S50PackAcData                            0x08002a8d   Thumb Code   464  bsp.o(i.S50PackAcData)
    i.S50PackSelectData                      0x08002c88   Section        0  bsp.o(i.S50PackSelectData)
    S50PackSelectData                        0x08002c89   Thumb Code    52  bsp.o(i.S50PackSelectData)
    i.S50RwTest                              0x08002cc4   Section        0  bsp.o(i.S50RwTest)
    i.S50SelectCard                          0x08002d0c   Section        0  bsp.o(i.S50SelectCard)
    S50SelectCard                            0x08002d0d   Thumb Code    68  bsp.o(i.S50SelectCard)
    i.S50SendAcData                          0x08002d50   Section        0  bsp.o(i.S50SendAcData)
    S50SendAcData                            0x08002d51   Thumb Code    48  bsp.o(i.S50SendAcData)
    i.S50SendREQA                            0x08002d80   Section        0  bsp.o(i.S50SendREQA)
    S50SendREQA                              0x08002d81   Thumb Code    58  bsp.o(i.S50SendREQA)
    i.S50SendShortFrame                      0x08002de4   Section        0  bsp.o(i.S50SendShortFrame)
    S50SendShortFrame                        0x08002de5   Thumb Code    74  bsp.o(i.S50SendShortFrame)
    i.S50SendStandFrame                      0x08002e2e   Section        0  bsp.o(i.S50SendStandFrame)
    S50SendStandFrame                        0x08002e2f   Thumb Code    92  bsp.o(i.S50SendStandFrame)
    i.S50Test                                0x08002e8a   Section        0  bsp.o(i.S50Test)
    i.S50TestGetKeyA                         0x08002eb4   Section        0  bsp.o(i.S50TestGetKeyA)
    i.SDIO_IRQHandler                        0x08002ec8   Section        0  driver.o(i.SDIO_IRQHandler)
    i.SPI1_IRQHandler                        0x08002f14   Section        0  driver.o(i.SPI1_IRQHandler)
    i.SPI2_IRQHandler                        0x08002f60   Section        0  driver.o(i.SPI2_IRQHandler)
    i.SPI3_IRQHandler                        0x08002fac   Section        0  driver.o(i.SPI3_IRQHandler)
    i.SPI_Cmd                                0x08002ff8   Section        0  lib.o(i.SPI_Cmd)
    i.SPI_I2S_GetFlagStatus                  0x08003010   Section        0  lib.o(i.SPI_I2S_GetFlagStatus)
    i.SPI_Init                               0x08003022   Section        0  lib.o(i.SPI_Init)
    i.SPI_SSOutputCmd                        0x0800305e   Section        0  lib.o(i.SPI_SSOutputCmd)
    i.SVC_Handler                            0x08003076   Section        0  lib.o(i.SVC_Handler)
    i.SetSysClock                            0x08003078   Section        0  lib.o(i.SetSysClock)
    SetSysClock                              0x08003079   Thumb Code     8  lib.o(i.SetSysClock)
    i.SetSysClockTo72                        0x08003080   Section        0  lib.o(i.SetSysClockTo72)
    SetSysClockTo72                          0x08003081   Thumb Code   214  lib.o(i.SetSysClockTo72)
    i.SpiDataRead                            0x08003160   Section        0  driver.o(i.SpiDataRead)
    i.SpiDataWrite                           0x08003198   Section        0  driver.o(i.SpiDataWrite)
    i.SpiGpioCsInit                          0x080032dc   Section        0  driver.o(i.SpiGpioCsInit)
    i.SpiGpioInit                            0x08003330   Section        0  driver.o(i.SpiGpioInit)
    i.SpiInit                                0x0800339c   Section        0  driver.o(i.SpiInit)
    i.SpiRccInit                             0x08003400   Section        0  driver.o(i.SpiRccInit)
    i.SpiRwByte                              0x08003428   Section        0  driver.o(i.SpiRwByte)
    i.SpiWaitActEnd                          0x080034a4   Section        0  driver.o(i.SpiWaitActEnd)
    i.SysTick_Handler                        0x08003538   Section        0  lib.o(i.SysTick_Handler)
    i.SystemInit                             0x0800353c   Section        0  lib.o(i.SystemInit)
    i.TAMPER_IRQHandler                      0x0800359c   Section        0  driver.o(i.TAMPER_IRQHandler)
    i.TIM1_BRK_IRQHandler                    0x080035e8   Section        0  driver.o(i.TIM1_BRK_IRQHandler)
    i.TIM1_CC_IRQHandler                     0x08003634   Section        0  driver.o(i.TIM1_CC_IRQHandler)
    i.TIM1_TRG_COM_IRQHandler                0x08003680   Section        0  driver.o(i.TIM1_TRG_COM_IRQHandler)
    i.TIM1_UP_IRQHandler                     0x080036d0   Section        0  driver.o(i.TIM1_UP_IRQHandler)
    i.TIM2_IRQHandler                        0x0800371c   Section        0  driver.o(i.TIM2_IRQHandler)
    i.TIM3_IRQHandler                        0x08003764   Section        0  driver.o(i.TIM3_IRQHandler)
    i.TIM4_IRQHandler                        0x080037ac   Section        0  driver.o(i.TIM4_IRQHandler)
    i.TIM5_IRQHandler                        0x080037f4   Section        0  driver.o(i.TIM5_IRQHandler)
    i.TIM6_IRQHandler                        0x08003840   Section        0  driver.o(i.TIM6_IRQHandler)
    i.TIM7_IRQHandler                        0x0800388c   Section        0  driver.o(i.TIM7_IRQHandler)
    i.TIM8_BRK_IRQHandler                    0x080038d8   Section        0  driver.o(i.TIM8_BRK_IRQHandler)
    i.TIM8_CC_IRQHandler                     0x08003928   Section        0  driver.o(i.TIM8_CC_IRQHandler)
    i.TIM8_TRG_COM_IRQHandler                0x08003978   Section        0  driver.o(i.TIM8_TRG_COM_IRQHandler)
    i.TIM8_UP_IRQHandler                     0x080039cc   Section        0  driver.o(i.TIM8_UP_IRQHandler)
    i.UART4_IRQHandler                       0x08003a1c   Section        0  driver.o(i.UART4_IRQHandler)
    i.UART5_IRQHandler                       0x08003a6c   Section        0  driver.o(i.UART5_IRQHandler)
    i.USART1_IRQHandler                      0x08003abc   Section        0  driver.o(i.USART1_IRQHandler)
    i.USART2_IRQHandler                      0x08003b0c   Section        0  driver.o(i.USART2_IRQHandler)
    i.USART3_IRQHandler                      0x08003b5c   Section        0  driver.o(i.USART3_IRQHandler)
    i.USART_Cmd                              0x08003bac   Section        0  lib.o(i.USART_Cmd)
    i.USART_GetFlagStatus                    0x08003bc4   Section        0  lib.o(i.USART_GetFlagStatus)
    i.USART_Init                             0x08003be0   Section        0  lib.o(i.USART_Init)
    i.USART_SendData                         0x08003cb8   Section        0  lib.o(i.USART_SendData)
    i.USBWakeUp_IRQHandler                   0x08003cc0   Section        0  driver.o(i.USBWakeUp_IRQHandler)
    i.USB_HP_CAN1_TX_IRQHandler              0x08003d14   Section        0  driver.o(i.USB_HP_CAN1_TX_IRQHandler)
    i.USB_LP_CAN1_RX0_IRQHandler             0x08003d68   Section        0  driver.o(i.USB_LP_CAN1_RX0_IRQHandler)
    i.UartInit                               0x08003dbc   Section        0  driver.o(i.UartInit)
    i.UartSendByte                           0x08003e48   Section        0  driver.o(i.UartSendByte)
    i.UsageFault_Handler                     0x08003e66   Section        0  lib.o(i.UsageFault_Handler)
    i.WWDG_IRQHandler                        0x08003e6c   Section        0  driver.o(i.WWDG_IRQHandler)
    i.__0printf$8                            0x08003eb4   Section        0  printf8.o(i.__0printf$8)
    i.__scatterload_copy                     0x08003ed4   Section       14  handlers.o(i.__scatterload_copy)
    i.__scatterload_null                     0x08003ee2   Section        2  handlers.o(i.__scatterload_null)
    i.__scatterload_zeroinit                 0x08003ee4   Section       14  handlers.o(i.__scatterload_zeroinit)
    i._printf_core                           0x08003ef4   Section        0  printf8.o(i._printf_core)
    _printf_core                             0x08003ef5   Thumb Code   996  printf8.o(i._printf_core)
    i._printf_post_padding                   0x08004304   Section        0  printf8.o(i._printf_post_padding)
    _printf_post_padding                     0x08004305   Thumb Code    36  printf8.o(i._printf_post_padding)
    i._printf_pre_padding                    0x08004328   Section        0  printf8.o(i._printf_pre_padding)
    _printf_pre_padding                      0x08004329   Thumb Code    46  printf8.o(i._printf_pre_padding)
    i.fputc                                  0x08004358   Section        0  driver.o(i.fputc)
    i.main                                   0x08004370   Section        0  main.o(i.main)
    .constdata                               0x08004384   Section      287  driver.o(.constdata)
    astIRQnInfo                              0x08004494   Data          12  driver.o(.constdata)
    .constdata                               0x080044a3   Section       20  bsp.o(.constdata)
    .data                                    0x20000000   Section       40  lib.o(.data)
    APBAHBPrescTable                         0x20000014   Data          16  lib.o(.data)
    ADCPrescTable                            0x20000024   Data           4  lib.o(.data)
    .data                                    0x20000028   Section        7  bsp.o(.data)
    S50UidSzCNV                              0x2000002b   Data           3  bsp.o(.data)
    ucLst                                    0x2000002e   Data           1  bsp.o(.data)
    .data                                    0x20000030   Section        4  stdout.o(.data)
    .bss                                     0x20000034   Section    61984  driver.o(.bss)
    aulMemBitMap                             0x20000040   Data         292  driver.o(.bss)
    aucMemPool                               0x20000164   Data       61440  driver.o(.bss)
    apIrqFunc                                0x2000f164   Data         240  driver.o(.bss)
    .bss                                     0x2000f254   Section       32  bsp.o(.bss)
    stS50Info                                0x2000f254   Data          32  bsp.o(.bss)
    STACK                                    0x2000f278   Section     1024  startup_stm32f10x_hd.o(STACK)

    Global Symbols

    Symbol Name                              Value     Ov Type        Size  Object(Section)

    BuildAttributes$$THM_ISAv4$P$D$K$B$S$PE$A:L22UL41UL21$X:L11$S22US41US21$IEEE1$IW$USESV6$~STKCKD$USESV7$~SHL$OSPACE$ROPI$EBA8$MICROLIB$REQ8$PRES8$EABIv2 0x00000000   Number         0  anon$$obj.o ABSOLUTE
    __ARM_use_no_argv                        0x00000000   Number         0  main.o ABSOLUTE
    _printf_a                                0x00000000   Number         0  stubs.o ABSOLUTE
    _printf_c                                0x00000000   Number         0  stubs.o ABSOLUTE
    _printf_charcount                        0x00000000   Number         0  stubs.o ABSOLUTE
    _printf_d                                0x00000000   Number         0  stubs.o ABSOLUTE
    _printf_e                                0x00000000   Number         0  stubs.o ABSOLUTE
    _printf_f                                0x00000000   Number         0  stubs.o ABSOLUTE
    _printf_flags                            0x00000000   Number         0  stubs.o ABSOLUTE
    _printf_fp_dec                           0x00000000   Number         0  stubs.o ABSOLUTE
    _printf_fp_hex                           0x00000000   Number         0  stubs.o ABSOLUTE
    _printf_g                                0x00000000   Number         0  stubs.o ABSOLUTE
    _printf_i                                0x00000000   Number         0  stubs.o ABSOLUTE
    _printf_int_dec                          0x00000000   Number         0  stubs.o ABSOLUTE
    _printf_l                                0x00000000   Number         0  stubs.o ABSOLUTE
    _printf_lc                               0x00000000   Number         0  stubs.o ABSOLUTE
    _printf_ll                               0x00000000   Number         0  stubs.o ABSOLUTE
    _printf_lld                              0x00000000   Number         0  stubs.o ABSOLUTE
    _printf_lli                              0x00000000   Number         0  stubs.o ABSOLUTE
    _printf_llo                              0x00000000   Number         0  stubs.o ABSOLUTE
    _printf_llu                              0x00000000   Number         0  stubs.o ABSOLUTE
    _printf_llx                              0x00000000   Number         0  stubs.o ABSOLUTE
    _printf_longlong_dec                     0x00000000   Number         0  stubs.o ABSOLUTE
    _printf_longlong_hex                     0x00000000   Number         0  stubs.o ABSOLUTE
    _printf_longlong_oct                     0x00000000   Number         0  stubs.o ABSOLUTE
    _printf_ls                               0x00000000   Number         0  stubs.o ABSOLUTE
    _printf_mbtowc                           0x00000000   Number         0  stubs.o ABSOLUTE
    _printf_n                                0x00000000   Number         0  stubs.o ABSOLUTE
    _printf_o                                0x00000000   Number         0  stubs.o ABSOLUTE
    _printf_p                                0x00000000   Number         0  stubs.o ABSOLUTE
    _printf_percent                          0x00000000   Number         0  stubs.o ABSOLUTE
    _printf_pre_padding                      0x00000000   Number         0  stubs.o ABSOLUTE
    _printf_return_value                     0x00000000   Number         0  stubs.o ABSOLUTE
    _printf_s                                0x00000000   Number         0  stubs.o ABSOLUTE
    _printf_sizespec                         0x00000000   Number         0  stubs.o ABSOLUTE
    _printf_str                              0x00000000   Number         0  stubs.o ABSOLUTE
    _printf_truncate_signed                  0x00000000   Number         0  stubs.o ABSOLUTE
    _printf_truncate_unsigned                0x00000000   Number         0  stubs.o ABSOLUTE
    _printf_u                                0x00000000   Number         0  stubs.o ABSOLUTE
    _printf_wc                               0x00000000   Number         0  stubs.o ABSOLUTE
    _printf_wctomb                           0x00000000   Number         0  stubs.o ABSOLUTE
    _printf_widthprec                        0x00000000   Number         0  stubs.o ABSOLUTE
    _printf_x                                0x00000000   Number         0  stubs.o ABSOLUTE
    __cpp_initialize__aeabi_                  - Undefined Weak Reference
    __cxa_finalize                            - Undefined Weak Reference
    __decompress                              - Undefined Weak Reference
    _clock_init                               - Undefined Weak Reference
    _microlib_exit                            - Undefined Weak Reference
    __Vectors_Size                           0x00000130   Number         0  startup_stm32f10x_hd.o ABSOLUTE
    __Vectors                                0x08000000   Data           4  startup_stm32f10x_hd.o(RESET)
    __Vectors_End                            0x08000130   Data           0  startup_stm32f10x_hd.o(RESET)
    __main                                   0x08000131   Thumb Code     0  entry.o(.ARM.Collect$$$$00000000)
    _main_stk                                0x08000131   Thumb Code     0  entry2.o(.ARM.Collect$$$$00000001)
    _main_scatterload                        0x08000135   Thumb Code     0  entry5.o(.ARM.Collect$$$$00000004)
    __main_after_scatterload                 0x08000139   Thumb Code     0  entry5.o(.ARM.Collect$$$$00000004)
    _main_clock                              0x08000139   Thumb Code     0  entry7b.o(.ARM.Collect$$$$00000008)
    _main_cpp_init                           0x08000139   Thumb Code     0  entry8b.o(.ARM.Collect$$$$0000000A)
    _main_init                               0x08000139   Thumb Code     0  entry9a.o(.ARM.Collect$$$$0000000B)
    __rt_final_cpp                           0x08000141   Thumb Code     0  entry10a.o(.ARM.Collect$$$$0000000D)
    __rt_final_exit                          0x08000141   Thumb Code     0  entry11a.o(.ARM.Collect$$$$0000000F)
    Reset_Handler                            0x08000145   Thumb Code     8  startup_stm32f10x_hd.o(.text)
    __aeabi_memcpy                           0x08000169   Thumb Code    36  memcpya.o(.text)
    __aeabi_memcpy4                          0x08000169   Thumb Code     0  memcpya.o(.text)
    __aeabi_memcpy8                          0x08000169   Thumb Code     0  memcpya.o(.text)
    __aeabi_memset                           0x0800018d   Thumb Code    14  memseta.o(.text)
    __aeabi_memset4                          0x0800018d   Thumb Code     0  memseta.o(.text)
    __aeabi_memset8                          0x0800018d   Thumb Code     0  memseta.o(.text)
    __aeabi_memclr                           0x0800019b   Thumb Code     4  memseta.o(.text)
    __aeabi_memclr4                          0x0800019b   Thumb Code     0  memseta.o(.text)
    __aeabi_memclr8                          0x0800019b   Thumb Code     0  memseta.o(.text)
    _memset$wrapper                          0x0800019f   Thumb Code    18  memseta.o(.text)
    __aeabi_uldivmod                         0x080001b1   Thumb Code    98  uldiv.o(.text)
    __aeabi_llsr                             0x08000213   Thumb Code    32  llushr.o(.text)
    _ll_ushift_r                             0x08000213   Thumb Code     0  llushr.o(.text)
    __scatterload                            0x08000235   Thumb Code    28  init.o(.text)
    __scatterload_rt2                        0x08000235   Thumb Code     0  init.o(.text)
    __aeabi_llsl                             0x08000259   Thumb Code    30  llshl.o(.text)
    _ll_shift_l                              0x08000259   Thumb Code     0  llshl.o(.text)
    ADC1_2_IRQHandler                        0x08000279   Thumb Code    26  driver.o(i.ADC1_2_IRQHandler)
    ADC3_IRQHandler                          0x080002c5   Thumb Code    30  driver.o(i.ADC3_IRQHandler)
    Beep                                     0x08000311   Thumb Code    38  bsp.o(i.Beep)
    BeepInit                                 0x08000355   Thumb Code    42  bsp.o(i.BeepInit)
    BspInit                                  0x080003b9   Thumb Code    16  bsp.o(i.BspInit)
    BusFault_Handler                         0x080003c9   Thumb Code     4  lib.o(i.BusFault_Handler)
    CAN1_RX1_IRQHandler                      0x080003cd   Thumb Code    26  driver.o(i.CAN1_RX1_IRQHandler)
    CAN1_SCE_IRQHandler                      0x08000419   Thumb Code    26  driver.o(i.CAN1_SCE_IRQHandler)
    DMA1_Channel1_IRQHandler                 0x08000465   Thumb Code    26  driver.o(i.DMA1_Channel1_IRQHandler)
    DMA1_Channel2_IRQHandler                 0x080004b9   Thumb Code    26  driver.o(i.DMA1_Channel2_IRQHandler)
    DMA1_Channel3_IRQHandler                 0x0800050d   Thumb Code    26  driver.o(i.DMA1_Channel3_IRQHandler)
    DMA1_Channel4_IRQHandler                 0x08000561   Thumb Code    26  driver.o(i.DMA1_Channel4_IRQHandler)
    DMA1_Channel5_IRQHandler                 0x080005b5   Thumb Code    26  driver.o(i.DMA1_Channel5_IRQHandler)
    DMA1_Channel6_IRQHandler                 0x08000609   Thumb Code    26  driver.o(i.DMA1_Channel6_IRQHandler)
    DMA1_Channel7_IRQHandler                 0x0800065d   Thumb Code    26  driver.o(i.DMA1_Channel7_IRQHandler)
    DMA2_Channel1_IRQHandler                 0x080006b1   Thumb Code    30  driver.o(i.DMA2_Channel1_IRQHandler)
    DMA2_Channel2_IRQHandler                 0x08000709   Thumb Code    30  driver.o(i.DMA2_Channel2_IRQHandler)
    DMA2_Channel3_IRQHandler                 0x08000761   Thumb Code    30  driver.o(i.DMA2_Channel3_IRQHandler)
    DMA2_Channel4_5_IRQHandler               0x080007b9   Thumb Code    30  driver.o(i.DMA2_Channel4_5_IRQHandler)
    DebugMon_Handler                         0x08000811   Thumb Code     2  lib.o(i.DebugMon_Handler)
    DelayInit                                0x08000815   Thumb Code    80  driver.o(i.DelayInit)
    DelayMs                                  0x08000869   Thumb Code    36  driver.o(i.DelayMs)
    DelayUs                                  0x0800088d   Thumb Code    50  driver.o(i.DelayUs)
    DriverInit                               0x080008bf   Thumb Code    20  driver.o(i.DriverInit)
    E2PROM_Init                              0x080008d3   Thumb Code    10  bsp.o(i.E2PROM_Init)
    E2PROM_Read                              0x080008dd   Thumb Code    40  bsp.o(i.E2PROM_Read)
    EXTI0_IRQHandler                         0x08000905   Thumb Code    26  driver.o(i.EXTI0_IRQHandler)
    EXTI15_10_IRQHandler                     0x08000951   Thumb Code    30  driver.o(i.EXTI15_10_IRQHandler)
    EXTI1_IRQHandler                         0x080009a5   Thumb Code    26  driver.o(i.EXTI1_IRQHandler)
    EXTI2_IRQHandler                         0x080009f1   Thumb Code    26  driver.o(i.EXTI2_IRQHandler)
    EXTI3_IRQHandler                         0x08000a3d   Thumb Code    26  driver.o(i.EXTI3_IRQHandler)
    EXTI4_IRQHandler                         0x08000a89   Thumb Code    26  driver.o(i.EXTI4_IRQHandler)
    EXTI9_5_IRQHandler                       0x08000ad5   Thumb Code    26  driver.o(i.EXTI9_5_IRQHandler)
    FLASH_IRQHandler                         0x08000b21   Thumb Code    26  driver.o(i.FLASH_IRQHandler)
    FSMC_IRQHandler                          0x08000b6d   Thumb Code    30  driver.o(i.FSMC_IRQHandler)
    GPIO_Init                                0x08000bb9   Thumb Code   278  lib.o(i.GPIO_Init)
    GpioInit                                 0x08000ccf   Thumb Code   150  driver.o(i.GpioInit)
    HardFault_Handler                        0x08000d65   Thumb Code     4  lib.o(i.HardFault_Handler)
    I2C1_ER_IRQHandler                       0x08000d69   Thumb Code    30  driver.o(i.I2C1_ER_IRQHandler)
    I2C1_EV_IRQHandler                       0x08000db9   Thumb Code    26  driver.o(i.I2C1_EV_IRQHandler)
    I2C2_ER_IRQHandler                       0x08000e05   Thumb Code    30  driver.o(i.I2C2_ER_IRQHandler)
    I2C2_EV_IRQHandler                       0x08000e55   Thumb Code    30  driver.o(i.I2C2_EV_IRQHandler)
    I2cCfgSdaDir                             0x08000ea5   Thumb Code    78  driver.o(i.I2cCfgSdaDir)
    I2cInit                                  0x08000ef9   Thumb Code   238  driver.o(i.I2cInit)
    I2cRead                                  0x08000ff5   Thumb Code    68  driver.o(i.I2cRead)
    I2cReadByte                              0x08001039   Thumb Code   252  driver.o(i.I2cReadByte)
    I2cSendAck                               0x08001139   Thumb Code   354  driver.o(i.I2cSendAck)
    I2cStart                                 0x080012a1   Thumb Code   308  driver.o(i.I2cStart)
    I2cStop                                  0x080013d9   Thumb Code   208  driver.o(i.I2cStop)
    I2cWaitAck                               0x080014ad   Thumb Code   326  driver.o(i.I2cWaitAck)
    I2cWriteByte                             0x08001621   Thumb Code   408  driver.o(i.I2cWriteByte)
    InterruptCfg                             0x080017e9   Thumb Code   168  driver.o(i.InterruptCfg)
    InterruptInit                            0x08001899   Thumb Code    84  driver.o(i.InterruptInit)
    MemFree                                  0x080018f9   Thumb Code    62  driver.o(i.MemFree)
    MemInit                                  0x080019a1   Thumb Code    14  driver.o(i.MemInit)
    MemMalloc                                0x080019b5   Thumb Code   212  driver.o(i.MemMalloc)
    MemManage_Handler                        0x08001ac5   Thumb Code     4  lib.o(i.MemManage_Handler)
    MiddleInit                               0x08001ac9   Thumb Code     2  middle.o(i.MiddleInit)
    NMI_Handler                              0x08001acb   Thumb Code     2  lib.o(i.NMI_Handler)
    PVD_IRQHandler                           0x08001acd   Thumb Code    26  driver.o(i.PVD_IRQHandler)
    PWR_BackupAccessCmd                      0x08001b15   Thumb Code     6  lib.o(i.PWR_BackupAccessCmd)
    PendSV_Handler                           0x08001b21   Thumb Code     2  lib.o(i.PendSV_Handler)
    RC522SpiRead                             0x08001b25   Thumb Code   354  driver.o(i.RC522SpiRead)
    RCC_APB1PeriphClockCmd                   0x08001cbd   Thumb Code    26  lib.o(i.RCC_APB1PeriphClockCmd)
    RCC_APB2PeriphClockCmd                   0x08001cdd   Thumb Code    26  lib.o(i.RCC_APB2PeriphClockCmd)
    RCC_GetClocksFreq                        0x08001cfd   Thumb Code   192  lib.o(i.RCC_GetClocksFreq)
    RCC_IRQHandler                           0x08001dd1   Thumb Code    26  driver.o(i.RCC_IRQHandler)
    RCC_RTCCLKCmd                            0x08001e19   Thumb Code     6  lib.o(i.RCC_RTCCLKCmd)
    RCC_RTCCLKConfig                         0x08001e25   Thumb Code    12  lib.o(i.RCC_RTCCLKConfig)
    RFIDInit                                 0x08001e35   Thumb Code    12  bsp.o(i.RFIDInit)
    RTCAlarm_IRQHandler                      0x08001e41   Thumb Code    30  driver.o(i.RTCAlarm_IRQHandler)
    RTC_EnterConfigMode                      0x08001e91   Thumb Code    14  lib.o(i.RTC_EnterConfigMode)
    RTC_ExitConfigMode                       0x08001ea5   Thumb Code    16  lib.o(i.RTC_ExitConfigMode)
    RTC_GetCounter                           0x08001eb9   Thumb Code    16  lib.o(i.RTC_GetCounter)
    RTC_IRQHandler                           0x08001ecd   Thumb Code    26  driver.o(i.RTC_IRQHandler)
    RTC_SetPrescaler                         0x08001f15   Thumb Code    26  lib.o(i.RTC_SetPrescaler)
    RTC_WaitForLastTask                      0x08001f35   Thumb Code    16  lib.o(i.RTC_WaitForLastTask)
    Rc522CalcCrc                             0x08001f49   Thumb Code    54  bsp.o(i.Rc522CalcCrc)
    Rc522GetFifoLevel                        0x0800203b   Thumb Code    18  bsp.o(i.Rc522GetFifoLevel)
    Rc522GetValidCnt                         0x0800204d   Thumb Code    60  bsp.o(i.Rc522GetValidCnt)
    Rc522Init                                0x080020bd   Thumb Code    16  bsp.o(i.Rc522Init)
    Rc522IsColl                              0x080020cd   Thumb Code    18  bsp.o(i.Rc522IsColl)
    Rc522MFAuthent                           0x080020df   Thumb Code    88  bsp.o(i.Rc522MFAuthent)
    Rc522ReadFIFO                            0x08002189   Thumb Code    76  bsp.o(i.Rc522ReadFIFO)
    Rc522RfSw                                0x08002243   Thumb Code    68  bsp.o(i.Rc522RfSw)
    Rc522RxCfg                               0x080022b1   Thumb Code    42  bsp.o(i.Rc522RxCfg)
    Rc522StartTransCv                        0x080023d5   Thumb Code    62  bsp.o(i.Rc522StartTransCv)
    Rc522StopTransCv                         0x08002419   Thumb Code    18  bsp.o(i.Rc522StopTransCv)
    Rc522TxCfg                               0x0800243f   Thumb Code    24  bsp.o(i.Rc522TxCfg)
    Rc522WaitRxEnd                           0x08002591   Thumb Code    24  bsp.o(i.Rc522WaitRxEnd)
    Rc522WriteFIFO                           0x080025a9   Thumb Code   102  bsp.o(i.Rc522WriteFIFO)
    S50CardDetect                            0x08002809   Thumb Code    30  bsp.o(i.S50CardDetect)
    S50DataInit                              0x0800288d   Thumb Code    28  bsp.o(i.S50DataInit)
    S50MFAuthent                             0x08002935   Thumb Code    46  bsp.o(i.S50MFAuthent)
    S50MFBlockRead                           0x08002969   Thumb Code    58  bsp.o(i.S50MFBlockRead)
    S50MFGetUid                              0x080029c5   Thumb Code    66  bsp.o(i.S50MFGetUid)
    S50RwTest                                0x08002cc5   Thumb Code    38  bsp.o(i.S50RwTest)
    S50Test                                  0x08002e8b   Thumb Code    42  bsp.o(i.S50Test)
    S50TestGetKeyA                           0x08002eb5   Thumb Code    14  bsp.o(i.S50TestGetKeyA)
    SDIO_IRQHandler                          0x08002ec9   Thumb Code    30  driver.o(i.SDIO_IRQHandler)
    SPI1_IRQHandler                          0x08002f15   Thumb Code    30  driver.o(i.SPI1_IRQHandler)
    SPI2_IRQHandler                          0x08002f61   Thumb Code    30  driver.o(i.SPI2_IRQHandler)
    SPI3_IRQHandler                          0x08002fad   Thumb Code    30  driver.o(i.SPI3_IRQHandler)
    SPI_Cmd                                  0x08002ff9   Thumb Code    24  lib.o(i.SPI_Cmd)
    SPI_I2S_GetFlagStatus                    0x08003011   Thumb Code    18  lib.o(i.SPI_I2S_GetFlagStatus)
    SPI_Init                                 0x08003023   Thumb Code    60  lib.o(i.SPI_Init)
    SPI_SSOutputCmd                          0x0800305f   Thumb Code    24  lib.o(i.SPI_SSOutputCmd)
    SVC_Handler                              0x08003077   Thumb Code     2  lib.o(i.SVC_Handler)
    SpiDataRead                              0x08003161   Thumb Code    52  driver.o(i.SpiDataRead)
    SpiDataWrite                             0x08003199   Thumb Code   270  driver.o(i.SpiDataWrite)
    SpiGpioCsInit                            0x080032dd   Thumb Code    80  driver.o(i.SpiGpioCsInit)
    SpiGpioInit                              0x08003331   Thumb Code   102  driver.o(i.SpiGpioInit)
    SpiInit                                  0x0800339d   Thumb Code    92  driver.o(i.SpiInit)
    SpiRccInit                               0x08003401   Thumb Code    36  driver.o(i.SpiRccInit)
    SpiRwByte                                0x08003429   Thumb Code    80  driver.o(i.SpiRwByte)
    SpiWaitActEnd                            0x080034a5   Thumb Code   104  driver.o(i.SpiWaitActEnd)
    SysTick_Handler                          0x08003539   Thumb Code     2  lib.o(i.SysTick_Handler)
    SystemInit                               0x0800353d   Thumb Code    78  lib.o(i.SystemInit)
    TAMPER_IRQHandler                        0x0800359d   Thumb Code    26  driver.o(i.TAMPER_IRQHandler)
    TIM1_BRK_IRQHandler                      0x080035e9   Thumb Code    26  driver.o(i.TIM1_BRK_IRQHandler)
    TIM1_CC_IRQHandler                       0x08003635   Thumb Code    26  driver.o(i.TIM1_CC_IRQHandler)
    TIM1_TRG_COM_IRQHandler                  0x08003681   Thumb Code    26  driver.o(i.TIM1_TRG_COM_IRQHandler)
    TIM1_UP_IRQHandler                       0x080036d1   Thumb Code    26  driver.o(i.TIM1_UP_IRQHandler)
    TIM2_IRQHandler                          0x0800371d   Thumb Code    26  driver.o(i.TIM2_IRQHandler)
    TIM3_IRQHandler                          0x08003765   Thumb Code    26  driver.o(i.TIM3_IRQHandler)
    TIM4_IRQHandler                          0x080037ad   Thumb Code    26  driver.o(i.TIM4_IRQHandler)
    TIM5_IRQHandler                          0x080037f5   Thumb Code    30  driver.o(i.TIM5_IRQHandler)
    TIM6_IRQHandler                          0x08003841   Thumb Code    30  driver.o(i.TIM6_IRQHandler)
    TIM7_IRQHandler                          0x0800388d   Thumb Code    30  driver.o(i.TIM7_IRQHandler)
    TIM8_BRK_IRQHandler                      0x080038d9   Thumb Code    30  driver.o(i.TIM8_BRK_IRQHandler)
    TIM8_CC_IRQHandler                       0x08003929   Thumb Code    30  driver.o(i.TIM8_CC_IRQHandler)
    TIM8_TRG_COM_IRQHandler                  0x08003979   Thumb Code    30  driver.o(i.TIM8_TRG_COM_IRQHandler)
    TIM8_UP_IRQHandler                       0x080039cd   Thumb Code    30  driver.o(i.TIM8_UP_IRQHandler)
    UART4_IRQHandler                         0x08003a1d   Thumb Code    30  driver.o(i.UART4_IRQHandler)
    UART5_IRQHandler                         0x08003a6d   Thumb Code    30  driver.o(i.UART5_IRQHandler)
    USART1_IRQHandler                        0x08003abd   Thumb Code    30  driver.o(i.USART1_IRQHandler)
    USART2_IRQHandler                        0x08003b0d   Thumb Code    30  driver.o(i.USART2_IRQHandler)
    USART3_IRQHandler                        0x08003b5d   Thumb Code    30  driver.o(i.USART3_IRQHandler)
    USART_Cmd                                0x08003bad   Thumb Code    24  lib.o(i.USART_Cmd)
    USART_GetFlagStatus                      0x08003bc5   Thumb Code    26  lib.o(i.USART_GetFlagStatus)
    USART_Init                               0x08003be1   Thumb Code   210  lib.o(i.USART_Init)
    USART_SendData                           0x08003cb9   Thumb Code     8  lib.o(i.USART_SendData)
    USBWakeUp_IRQHandler                     0x08003cc1   Thumb Code    30  driver.o(i.USBWakeUp_IRQHandler)
    USB_HP_CAN1_TX_IRQHandler                0x08003d15   Thumb Code    26  driver.o(i.USB_HP_CAN1_TX_IRQHandler)
    USB_LP_CAN1_RX0_IRQHandler               0x08003d69   Thumb Code    26  driver.o(i.USB_LP_CAN1_RX0_IRQHandler)
    UartInit                                 0x08003dbd   Thumb Code   132  driver.o(i.UartInit)
    UartSendByte                             0x08003e49   Thumb Code    30  driver.o(i.UartSendByte)
    UsageFault_Handler                       0x08003e67   Thumb Code     4  lib.o(i.UsageFault_Handler)
    WWDG_IRQHandler                          0x08003e6d   Thumb Code    26  driver.o(i.WWDG_IRQHandler)
    __0printf$8                              0x08003eb5   Thumb Code    22  printf8.o(i.__0printf$8)
    __1printf$8                              0x08003eb5   Thumb Code     0  printf8.o(i.__0printf$8)
    __2printf                                0x08003eb5   Thumb Code     0  printf8.o(i.__0printf$8)
    __scatterload_copy                       0x08003ed5   Thumb Code    14  handlers.o(i.__scatterload_copy)
    __scatterload_null                       0x08003ee3   Thumb Code     2  handlers.o(i.__scatterload_null)
    __scatterload_zeroinit                   0x08003ee5   Thumb Code    14  handlers.o(i.__scatterload_zeroinit)
    fputc                                    0x08004359   Thumb Code    18  driver.o(i.fputc)
    main                                     0x08004371   Thumb Code    20  main.o(i.main)
    astSpiInfo                               0x08004384   Data         180  driver.o(.constdata)
    astSpiChConvert                          0x08004438   Data          12  driver.o(.constdata)
    stI2cGpioInfo                            0x08004444   Data          48  driver.o(.constdata)
    stMemManage                              0x08004474   Data          32  driver.o(.constdata)
    astCmdAttr                               0x080044a3   Data          20  bsp.o(.constdata)
    Region$$Table$$Base                      0x080044b8   Number         0  anon$$obj.o(Region$$Table)
    Region$$Table$$Limit                     0x080044d8   Number         0  anon$$obj.o(Region$$Table)
    SystemCoreClock                          0x20000000   Data           4  lib.o(.data)
    AHBPrescTable                            0x20000004   Data          16  lib.o(.data)
    aucSelCnvt                               0x20000028   Data           3  bsp.o(.data)
    __stdout                                 0x20000030   Data           4  stdout.o(.data)
    apSpiReadFunc                            0x20000034   Data          12  driver.o(.bss)
    __initial_sp                             0x2000f678   Data           0  startup_stm32f10x_hd.o(STACK)



==============================================================================

Memory Map of the image

  Image Entry point : 0x08000131

  Load Region LR_IROM1 (Base: 0x08000000, Size: 0x0000450c, Max: 0x00080000, ABSOLUTE)

    Execution Region ER_IROM1 (Base: 0x08000000, Size: 0x000044d8, Max: 0x00080000, ABSOLUTE)

    Base Addr    Size         Type   Attr      Idx    E Section Name        Object

    0x08000000   0x00000130   Data   RO         1395    RESET               startup_stm32f10x_hd.o
    0x08000130   0x00000000   Code   RO         2571  * .ARM.Collect$$$$00000000  mc_w.l(entry.o)
    0x08000130   0x00000004   Code   RO         2847    .ARM.Collect$$$$00000001  mc_w.l(entry2.o)
    0x08000134   0x00000004   Code   RO         2850    .ARM.Collect$$$$00000004  mc_w.l(entry5.o)
    0x08000138   0x00000000   Code   RO         2852    .ARM.Collect$$$$00000008  mc_w.l(entry7b.o)
    0x08000138   0x00000000   Code   RO         2854    .ARM.Collect$$$$0000000A  mc_w.l(entry8b.o)
    0x08000138   0x00000008   Code   RO         2855    .ARM.Collect$$$$0000000B  mc_w.l(entry9a.o)
    0x08000140   0x00000000   Code   RO         2857    .ARM.Collect$$$$0000000D  mc_w.l(entry10a.o)
    0x08000140   0x00000000   Code   RO         2859    .ARM.Collect$$$$0000000F  mc_w.l(entry11a.o)
    0x08000140   0x00000004   Code   RO         2848    .ARM.Collect$$$$00002712  mc_w.l(entry2.o)
    0x08000144   0x00000024   Code   RO         1396    .text               startup_stm32f10x_hd.o
    0x08000168   0x00000024   Code   RO         2574    .text               mc_w.l(memcpya.o)
    0x0800018c   0x00000024   Code   RO         2576    .text               mc_w.l(memseta.o)
    0x080001b0   0x00000062   Code   RO         2864    .text               mc_w.l(uldiv.o)
    0x08000212   0x00000020   Code   RO         2866    .text               mc_w.l(llushr.o)
    0x08000232   0x00000002   PAD
    0x08000234   0x00000024   Code   RO         2879    .text               mc_w.l(init.o)
    0x08000258   0x0000001e   Code   RO         2881    .text               mc_w.l(llshl.o)
    0x08000276   0x00000002   PAD
    0x08000278   0x0000004c   Code   RO         1400    i.ADC1_2_IRQHandler  driver.o
    0x080002c4   0x0000004c   Code   RO         1401    i.ADC3_IRQHandler   driver.o
    0x08000310   0x00000026   Code   RO         2093    i.Beep              bsp.o
    0x08000336   0x0000001e   Code   RO         2094    i.BeepD             bsp.o
    0x08000354   0x00000034   Code   RO         2095    i.BeepInit          bsp.o
    0x08000388   0x00000030   Code   RO         2096    i.BeepS             bsp.o
    0x080003b8   0x00000010   Code   RO         2097    i.BspInit           bsp.o
    0x080003c8   0x00000004   Code   RO          193    i.BusFault_Handler  lib.o
    0x080003cc   0x0000004c   Code   RO         1402    i.CAN1_RX1_IRQHandler  driver.o
    0x08000418   0x0000004c   Code   RO         1403    i.CAN1_SCE_IRQHandler  driver.o
    0x08000464   0x00000054   Code   RO         1404    i.DMA1_Channel1_IRQHandler  driver.o
    0x080004b8   0x00000054   Code   RO         1405    i.DMA1_Channel2_IRQHandler  driver.o
    0x0800050c   0x00000054   Code   RO         1406    i.DMA1_Channel3_IRQHandler  driver.o
    0x08000560   0x00000054   Code   RO         1407    i.DMA1_Channel4_IRQHandler  driver.o
    0x080005b4   0x00000054   Code   RO         1408    i.DMA1_Channel5_IRQHandler  driver.o
    0x08000608   0x00000054   Code   RO         1409    i.DMA1_Channel6_IRQHandler  driver.o
    0x0800065c   0x00000054   Code   RO         1410    i.DMA1_Channel7_IRQHandler  driver.o
    0x080006b0   0x00000058   Code   RO         1411    i.DMA2_Channel1_IRQHandler  driver.o
    0x08000708   0x00000058   Code   RO         1412    i.DMA2_Channel2_IRQHandler  driver.o
    0x08000760   0x00000058   Code   RO         1413    i.DMA2_Channel3_IRQHandler  driver.o
    0x080007b8   0x00000058   Code   RO         1414    i.DMA2_Channel4_5_IRQHandler  driver.o
    0x08000810   0x00000002   Code   RO          194    i.DebugMon_Handler  lib.o
    0x08000812   0x00000002   PAD
    0x08000814   0x00000054   Code   RO         1415    i.DelayInit         driver.o
    0x08000868   0x00000024   Code   RO         1416    i.DelayMs           driver.o
    0x0800088c   0x00000032   Code   RO         1417    i.DelayUs           driver.o
    0x080008be   0x00000014   Code   RO         1420    i.DriverInit        driver.o
    0x080008d2   0x0000000a   Code   RO         2098    i.E2PROM_Init       bsp.o
    0x080008dc   0x00000028   Code   RO         2099    i.E2PROM_Read       bsp.o
    0x08000904   0x0000004c   Code   RO         1421    i.EXTI0_IRQHandler  driver.o
    0x08000950   0x00000054   Code   RO         1422    i.EXTI15_10_IRQHandler  driver.o
    0x080009a4   0x0000004c   Code   RO         1423    i.EXTI1_IRQHandler  driver.o
    0x080009f0   0x0000004c   Code   RO         1424    i.EXTI2_IRQHandler  driver.o
    0x08000a3c   0x0000004c   Code   RO         1425    i.EXTI3_IRQHandler  driver.o
    0x08000a88   0x0000004c   Code   RO         1426    i.EXTI4_IRQHandler  driver.o
    0x08000ad4   0x0000004c   Code   RO         1427    i.EXTI9_5_IRQHandler  driver.o
    0x08000b20   0x0000004c   Code   RO         1428    i.FLASH_IRQHandler  driver.o
    0x08000b6c   0x0000004c   Code   RO         1429    i.FSMC_IRQHandler   driver.o
    0x08000bb8   0x00000116   Code   RO          209    i.GPIO_Init         lib.o
    0x08000cce   0x00000096   Code   RO         1430    i.GpioInit          driver.o
    0x08000d64   0x00000004   Code   RO          221    i.HardFault_Handler  lib.o
    0x08000d68   0x00000050   Code   RO         1431    i.I2C1_ER_IRQHandler  driver.o
    0x08000db8   0x0000004c   Code   RO         1432    i.I2C1_EV_IRQHandler  driver.o
    0x08000e04   0x00000050   Code   RO         1433    i.I2C2_ER_IRQHandler  driver.o
    0x08000e54   0x00000050   Code   RO         1434    i.I2C2_EV_IRQHandler  driver.o
    0x08000ea4   0x00000054   Code   RO         1435    i.I2cCfgSdaDir      driver.o
    0x08000ef8   0x000000fc   Code   RO         1436    i.I2cInit           driver.o
    0x08000ff4   0x00000044   Code   RO         1437    i.I2cRead           driver.o
    0x08001038   0x00000100   Code   RO         1438    i.I2cReadByte       driver.o
    0x08001138   0x00000168   Code   RO         1439    i.I2cSendAck        driver.o
    0x080012a0   0x00000138   Code   RO         1440    i.I2cStart          driver.o
    0x080013d8   0x000000d4   Code   RO         1441    i.I2cStop           driver.o
    0x080014ac   0x00000174   Code   RO         1442    i.I2cWaitAck        driver.o
    0x08001620   0x000001c8   Code   RO         1444    i.I2cWriteByte      driver.o
    0x080017e8   0x000000b0   Code   RO         1445    i.InterruptCfg      driver.o
    0x08001898   0x00000060   Code   RO         1446    i.InterruptInit     driver.o
    0x080018f8   0x00000044   Code   RO         1448    i.MemFree           driver.o
    0x0800193c   0x00000044   Code   RO         1449    i.MemGetFirstZero   driver.o
    0x08001980   0x00000020   Code   RO         1450    i.MemGetFirstZeroWord  driver.o
    0x080019a0   0x00000014   Code   RO         1451    i.MemInit           driver.o
    0x080019b4   0x00000110   Code   RO         1452    i.MemMalloc         driver.o
    0x08001ac4   0x00000004   Code   RO          225    i.MemManage_Handler  lib.o
    0x08001ac8   0x00000002   Code   RO         2073    i.MiddleInit        middle.o
    0x08001aca   0x00000002   Code   RO          226    i.NMI_Handler       lib.o
    0x08001acc   0x00000048   Code   RO         1453    i.PVD_IRQHandler    driver.o
    0x08001b14   0x0000000c   Code   RO          231    i.PWR_BackupAccessCmd  lib.o
    0x08001b20   0x00000002   Code   RO          240    i.PendSV_Handler    lib.o
    0x08001b22   0x00000002   PAD
    0x08001b24   0x00000198   Code   RO         1457    i.RC522SpiRead      driver.o
    0x08001cbc   0x00000020   Code   RO          243    i.RCC_APB1PeriphClockCmd  lib.o
    0x08001cdc   0x00000020   Code   RO          245    i.RCC_APB2PeriphClockCmd  lib.o
    0x08001cfc   0x000000d4   Code   RO          253    i.RCC_GetClocksFreq  lib.o
    0x08001dd0   0x00000048   Code   RO         1458    i.RCC_IRQHandler    driver.o
    0x08001e18   0x0000000c   Code   RO          268    i.RCC_RTCCLKCmd     lib.o
    0x08001e24   0x00000010   Code   RO          269    i.RCC_RTCCLKConfig  lib.o
    0x08001e34   0x0000000c   Code   RO         2104    i.RFIDInit          bsp.o
    0x08001e40   0x00000050   Code   RO         1459    i.RTCAlarm_IRQHandler  driver.o
    0x08001e90   0x00000014   Code   RO          275    i.RTC_EnterConfigMode  lib.o
    0x08001ea4   0x00000014   Code   RO          276    i.RTC_ExitConfigMode  lib.o
    0x08001eb8   0x00000014   Code   RO          277    i.RTC_GetCounter    lib.o
    0x08001ecc   0x00000048   Code   RO         1460    i.RTC_IRQHandler    driver.o
    0x08001f14   0x00000020   Code   RO          284    i.RTC_SetPrescaler  lib.o
    0x08001f34   0x00000014   Code   RO          285    i.RTC_WaitForLastTask  lib.o
    0x08001f48   0x0000004c   Code   RO         2105    i.Rc522CalcCrc      bsp.o
    0x08001f94   0x00000030   Code   RO         2106    i.Rc522ChckCmdAutoEnd  bsp.o
    0x08001fc4   0x0000001c   Code   RO         2107    i.Rc522ChckErr      bsp.o
    0x08001fe0   0x00000030   Code   RO         2109    i.Rc522ComInit      bsp.o
    0x08002010   0x0000002a   Code   RO         2110    i.Rc522GetCollBitPos  bsp.o
    0x0800203a   0x00000012   Code   RO         2111    i.Rc522GetFifoLevel  bsp.o
    0x0800204c   0x0000003c   Code   RO         2114    i.Rc522GetValidCnt  bsp.o
    0x08002088   0x00000034   Code   RO         2115    i.Rc522GpioInit     bsp.o
    0x080020bc   0x00000010   Code   RO         2116    i.Rc522Init         bsp.o
    0x080020cc   0x00000012   Code   RO         2117    i.Rc522IsColl       bsp.o
    0x080020de   0x00000058   Code   RO         2118    i.Rc522MFAuthent    bsp.o
    0x08002136   0x00000020   Code   RO         2119    i.Rc522PowerOn      bsp.o
    0x08002156   0x00000030   Code   RO         2120    i.Rc522PwrSw        bsp.o
    0x08002186   0x00000002   PAD
    0x08002188   0x00000064   Code   RO         2121    i.Rc522ReadFIFO     bsp.o
    0x080021ec   0x0000002a   Code   RO         2122    i.Rc522ReadReg      bsp.o
    0x08002216   0x00000020   Code   RO         2123    i.Rc522RegInit      bsp.o
    0x08002236   0x0000000c   Code   RO         2124    i.Rc522RfInit       bsp.o
    0x08002242   0x00000044   Code   RO         2125    i.Rc522RfSw         bsp.o
    0x08002286   0x00000002   PAD
    0x08002288   0x00000028   Code   RO         2126    i.Rc522Rst          bsp.o
    0x080022b0   0x0000002a   Code   RO         2127    i.Rc522RxCfg        bsp.o
    0x080022da   0x0000000c   Code   RO         2128    i.Rc522RxInit       bsp.o
    0x080022e6   0x00000002   PAD
    0x080022e8   0x00000094   Code   RO         2129    i.Rc522SendCmd      bsp.o
    0x0800237c   0x00000058   Code   RO         2130    i.Rc522SpiInit      bsp.o
    0x080023d4   0x00000044   Code   RO         2131    i.Rc522StartTransCv  bsp.o
    0x08002418   0x00000012   Code   RO         2132    i.Rc522StopTransCv  bsp.o
    0x0800242a   0x00000014   Code   RO         2134    i.Rc522TimerInit    bsp.o
    0x0800243e   0x00000018   Code   RO         2135    i.Rc522TxCfg        bsp.o
    0x08002456   0x00000014   Code   RO         2136    i.Rc522TxInit       bsp.o
    0x0800246a   0x00000002   PAD
    0x0800246c   0x00000124   Code   RO         2137    i.Rc522WaitFlg      bsp.o
    0x08002590   0x00000018   Code   RO         2138    i.Rc522WaitRxEnd    bsp.o
    0x080025a8   0x00000094   Code   RO         2139    i.Rc522WriteFIFO    bsp.o
    0x0800263c   0x0000002e   Code   RO         2140    i.Rc522WriteReg     bsp.o
    0x0800266a   0x00000002   PAD
    0x0800266c   0x000000fc   Code   RO         2141    i.S50AntiCollLeveln  bsp.o
    0x08002768   0x00000064   Code   RO         2142    i.S50AntiCollLoop   bsp.o
    0x080027cc   0x0000003c   Code   RO         2143    i.S50AntiCollStaChck  bsp.o
    0x08002808   0x0000001e   Code   RO         2144    i.S50CardDetect     bsp.o
    0x08002826   0x00000026   Code   RO         2145    i.S50ChckBcc        bsp.o
    0x0800284c   0x00000040   Code   RO         2146    i.S50ChckSak        bsp.o
    0x0800288c   0x00000020   Code   RO         2147    i.S50DataInit       bsp.o
    0x080028ac   0x00000020   Code   RO         2148    i.S50GetDoubleUid   bsp.o
    0x080028cc   0x00000014   Code   RO         2149    i.S50GetSingleUid   bsp.o
    0x080028e0   0x00000028   Code   RO         2150    i.S50GetTripleUid   bsp.o
    0x08002908   0x0000002a   Code   RO         2151    i.S50GetUid         bsp.o
    0x08002932   0x00000002   PAD
    0x08002934   0x00000034   Code   RO         2152    i.S50MFAuthent      bsp.o
    0x08002968   0x0000005c   Code   RO         2153    i.S50MFBlockRead    bsp.o
    0x080029c4   0x00000048   Code   RO         2155    i.S50MFGetUid       bsp.o
    0x08002a0c   0x00000032   Code   RO         2157    i.S50MFRecvBlockData  bsp.o
    0x08002a3e   0x00000002   PAD
    0x08002a40   0x0000004c   Code   RO         2159    i.S50MFUnPackReadData  bsp.o
    0x08002a8c   0x000001fc   Code   RO         2161    i.S50PackAcData     bsp.o
    0x08002c88   0x0000003c   Code   RO         2162    i.S50PackSelectData  bsp.o
    0x08002cc4   0x00000048   Code   RO         2163    i.S50RwTest         bsp.o
    0x08002d0c   0x00000044   Code   RO         2164    i.S50SelectCard     bsp.o
    0x08002d50   0x00000030   Code   RO         2165    i.S50SendAcData     bsp.o
    0x08002d80   0x00000064   Code   RO         2167    i.S50SendREQA       bsp.o
    0x08002de4   0x0000004a   Code   RO         2168    i.S50SendShortFrame  bsp.o
    0x08002e2e   0x0000005c   Code   RO         2169    i.S50SendStandFrame  bsp.o
    0x08002e8a   0x0000002a   Code   RO         2171    i.S50Test           bsp.o
    0x08002eb4   0x00000014   Code   RO         2172    i.S50TestGetKeyA    bsp.o
    0x08002ec8   0x0000004c   Code   RO         1461    i.SDIO_IRQHandler   driver.o
    0x08002f14   0x0000004c   Code   RO         1462    i.SPI1_IRQHandler   driver.o
    0x08002f60   0x0000004c   Code   RO         1463    i.SPI2_IRQHandler   driver.o
    0x08002fac   0x0000004c   Code   RO         1464    i.SPI3_IRQHandler   driver.o
    0x08002ff8   0x00000018   Code   RO          319    i.SPI_Cmd           lib.o
    0x08003010   0x00000012   Code   RO          327    i.SPI_I2S_GetFlagStatus  lib.o
    0x08003022   0x0000003c   Code   RO          332    i.SPI_Init          lib.o
    0x0800305e   0x00000018   Code   RO          334    i.SPI_SSOutputCmd   lib.o
    0x08003076   0x00000002   Code   RO          337    i.SVC_Handler       lib.o
    0x08003078   0x00000008   Code   RO          338    i.SetSysClock       lib.o
    0x08003080   0x000000e0   Code   RO          339    i.SetSysClockTo72   lib.o
    0x08003160   0x00000038   Code   RO         1465    i.SpiDataRead       driver.o
    0x08003198   0x00000144   Code   RO         1466    i.SpiDataWrite      driver.o
    0x080032dc   0x00000054   Code   RO         1468    i.SpiGpioCsInit     driver.o
    0x08003330   0x0000006c   Code   RO         1469    i.SpiGpioInit       driver.o
    0x0800339c   0x00000064   Code   RO         1470    i.SpiInit           driver.o
    0x08003400   0x00000028   Code   RO         1471    i.SpiRccInit        driver.o
    0x08003428   0x0000007c   Code   RO         1472    i.SpiRwByte         driver.o
    0x080034a4   0x00000094   Code   RO         1473    i.SpiWaitActEnd     driver.o
    0x08003538   0x00000002   Code   RO          341    i.SysTick_Handler   lib.o
    0x0800353a   0x00000002   PAD
    0x0800353c   0x00000060   Code   RO          343    i.SystemInit        lib.o
    0x0800359c   0x0000004c   Code   RO         1474    i.TAMPER_IRQHandler  driver.o
    0x080035e8   0x0000004c   Code   RO         1475    i.TIM1_BRK_IRQHandler  driver.o
    0x08003634   0x0000004c   Code   RO         1476    i.TIM1_CC_IRQHandler  driver.o
    0x08003680   0x00000050   Code   RO         1477    i.TIM1_TRG_COM_IRQHandler  driver.o
    0x080036d0   0x0000004c   Code   RO         1478    i.TIM1_UP_IRQHandler  driver.o
    0x0800371c   0x00000048   Code   RO         1479    i.TIM2_IRQHandler   driver.o
    0x08003764   0x00000048   Code   RO         1480    i.TIM3_IRQHandler   driver.o
    0x080037ac   0x00000048   Code   RO         1481    i.TIM4_IRQHandler   driver.o
    0x080037f4   0x0000004c   Code   RO         1482    i.TIM5_IRQHandler   driver.o
    0x08003840   0x0000004c   Code   RO         1483    i.TIM6_IRQHandler   driver.o
    0x0800388c   0x0000004c   Code   RO         1484    i.TIM7_IRQHandler   driver.o
    0x080038d8   0x00000050   Code   RO         1485    i.TIM8_BRK_IRQHandler  driver.o
    0x08003928   0x00000050   Code   RO         1486    i.TIM8_CC_IRQHandler  driver.o
    0x08003978   0x00000054   Code   RO         1487    i.TIM8_TRG_COM_IRQHandler  driver.o
    0x080039cc   0x00000050   Code   RO         1488    i.TIM8_UP_IRQHandler  driver.o
    0x08003a1c   0x00000050   Code   RO         1490    i.UART4_IRQHandler  driver.o
    0x08003a6c   0x00000050   Code   RO         1491    i.UART5_IRQHandler  driver.o
    0x08003abc   0x00000050   Code   RO         1492    i.USART1_IRQHandler  driver.o
    0x08003b0c   0x00000050   Code   RO         1493    i.USART2_IRQHandler  driver.o
    0x08003b5c   0x00000050   Code   RO         1494    i.USART3_IRQHandler  driver.o
    0x08003bac   0x00000018   Code   RO          348    i.USART_Cmd         lib.o
    0x08003bc4   0x0000001a   Code   RO          351    i.USART_GetFlagStatus  lib.o
    0x08003bde   0x00000002   PAD
    0x08003be0   0x000000d8   Code   RO          355    i.USART_Init        lib.o
    0x08003cb8   0x00000008   Code   RO          365    i.USART_SendData    lib.o
    0x08003cc0   0x00000054   Code   RO         1495    i.USBWakeUp_IRQHandler  driver.o
    0x08003d14   0x00000054   Code   RO         1496    i.USB_HP_CAN1_TX_IRQHandler  driver.o
    0x08003d68   0x00000054   Code   RO         1497    i.USB_LP_CAN1_RX0_IRQHandler  driver.o
    0x08003dbc   0x0000008c   Code   RO         1498    i.UartInit          driver.o
    0x08003e48   0x0000001e   Code   RO         1500    i.UartSendByte      driver.o
    0x08003e66   0x00000004   Code   RO          373    i.UsageFault_Handler  lib.o
    0x08003e6a   0x00000002   PAD
    0x08003e6c   0x00000048   Code   RO         1502    i.WWDG_IRQHandler   driver.o
    0x08003eb4   0x00000020   Code   RO         2787    i.__0printf$8       mc_w.l(printf8.o)
    0x08003ed4   0x0000000e   Code   RO         2887    i.__scatterload_copy  mc_w.l(handlers.o)
    0x08003ee2   0x00000002   Code   RO         2888    i.__scatterload_null  mc_w.l(handlers.o)
    0x08003ee4   0x0000000e   Code   RO         2889    i.__scatterload_zeroinit  mc_w.l(handlers.o)
    0x08003ef2   0x00000002   PAD
    0x08003ef4   0x00000410   Code   RO         2794    i._printf_core      mc_w.l(printf8.o)
    0x08004304   0x00000024   Code   RO         2795    i._printf_post_padding  mc_w.l(printf8.o)
    0x08004328   0x0000002e   Code   RO         2796    i._printf_pre_padding  mc_w.l(printf8.o)
    0x08004356   0x00000002   PAD
    0x08004358   0x00000018   Code   RO         1503    i.fputc             driver.o
    0x08004370   0x00000014   Code   RO            1    i.main              main.o
    0x08004384   0x0000011f   Data   RO         1505    .constdata          driver.o
    0x080044a3   0x00000014   Data   RO         2174    .constdata          bsp.o
    0x080044b7   0x00000001   PAD
    0x080044b8   0x00000020   Data   RO         2885    Region$$Table       anon$$obj.o


    Execution Region RW_IRAM1 (Base: 0x20000000, Size: 0x0000f678, Max: 0x00010000, ABSOLUTE)

    Base Addr    Size         Type   Attr      Idx    E Section Name        Object

    0x20000000   0x00000028   Data   RW          374    .data               lib.o
    0x20000028   0x00000007   Data   RW         2175    .data               bsp.o
    0x2000002f   0x00000001   PAD
    0x20000030   0x00000004   Data   RW         2861    .data               mc_w.l(stdout.o)
    0x20000034   0x0000f220   Zero   RW         1504    .bss                driver.o
    0x2000f254   0x00000020   Zero   RW         2173    .bss                bsp.o
    0x2000f274   0x00000004   PAD
    0x2000f278   0x00000400   Zero   RW         1393    STACK               startup_stm32f10x_hd.o


==============================================================================

Image component sizes


      Code (inc. data)   RO Data    RW Data    ZI Data      Debug   Object Name

      4200        562         20          7         32      39698   bsp.o
         0          0          0          0          0         32   core_cm3.o
      9758       3520        287          0      61984      65935   driver.o
      1460        106          0         40          0      21306   lib.o
        20          0          0          0          0     243539   main.o
         2          0          0          0          0        385   middle.o
        36          8        304          0       1024        772   startup_stm32f10x_hd.o

    ----------------------------------------------------------------------
     15500       4196        644         48      63044     371667   Object Totals
         0          0         32          0          0          0   (incl. Generated)
        24          0          1          1          4          0   (incl. Padding)

    ----------------------------------------------------------------------

      Code (inc. data)   RO Data    RW Data    ZI Data      Debug   Library Member Name

         0          0          0          0          0          0   entry.o
         0          0          0          0          0          0   entry10a.o
         0          0          0          0          0          0   entry11a.o
         8          4          0          0          0          0   entry2.o
         4          0          0          0          0          0   entry5.o
         0          0          0          0          0          0   entry7b.o
         0          0          0          0          0          0   entry8b.o
         8          4          0          0          0          0   entry9a.o
        30          0          0          0          0          0   handlers.o
        36          8          0          0          0         68   init.o
        30          0          0          0          0         68   llshl.o
        32          0          0          0          0         68   llushr.o
        36          0          0          0          0         68   memcpya.o
        36          0          0          0          0        108   memseta.o
      1154         54          0          0          0        352   printf8.o
         0          0          0          4          0          0   stdout.o
        98          0          0          0          0         92   uldiv.o

    ----------------------------------------------------------------------
      1480         70          0          4          0        824   Library Totals
         8          0          0          0          0          0   (incl. Padding)

    ----------------------------------------------------------------------

      Code (inc. data)   RO Data    RW Data    ZI Data      Debug   Library Name

      1472         70          0          4          0        824   mc_w.l

    ----------------------------------------------------------------------
      1480         70          0          4          0        824   Library Totals

    ----------------------------------------------------------------------

==============================================================================


      Code (inc. data)   RO Data    RW Data    ZI Data      Debug   

     16980       4266        644         52      63044     362451   Grand Totals
     16980       4266        644         52      63044     362451   ELF Image Totals
     16980       4266        644         52          0          0   ROM Totals

==============================================================================

    Total RO  Size (Code + RO Data)                17624 (  17.21kB)
    Total RW  Size (RW Data + ZI Data)             63096 (  61.62kB)
    Total ROM Size (Code + RO Data + RW Data)      17676 (  17.26kB)

==============================================================================

